Archive member included to satisfy reference by file (symbol)

c:/program files (x86)/gnu arm embedded toolchain/9 2020-q2-update/bin/../lib/gcc/arm-none-eabi/9.3.1/../../../../arm-none-eabi/lib/thumb/v7e-m+fp/hard\libc_nano.a(lib_a-exit.o)
                              c:/program files (x86)/gnu arm embedded toolchain/9 2020-q2-update/bin/../lib/gcc/arm-none-eabi/9.3.1/../../../../arm-none-eabi/lib/thumb/v7e-m+fp/hard/crt0.o (exit)
c:/program files (x86)/gnu arm embedded toolchain/9 2020-q2-update/bin/../lib/gcc/arm-none-eabi/9.3.1/../../../../arm-none-eabi/lib/thumb/v7e-m+fp/hard\libc_nano.a(lib_a-impure.o)
                              c:/program files (x86)/gnu arm embedded toolchain/9 2020-q2-update/bin/../lib/gcc/arm-none-eabi/9.3.1/../../../../arm-none-eabi/lib/thumb/v7e-m+fp/hard\libc_nano.a(lib_a-exit.o) (_global_impure_ptr)
c:/program files (x86)/gnu arm embedded toolchain/9 2020-q2-update/bin/../lib/gcc/arm-none-eabi/9.3.1/../../../../arm-none-eabi/lib/thumb/v7e-m+fp/hard\libc_nano.a(lib_a-init.o)
                              c:/program files (x86)/gnu arm embedded toolchain/9 2020-q2-update/bin/../lib/gcc/arm-none-eabi/9.3.1/../../../../arm-none-eabi/lib/thumb/v7e-m+fp/hard/crt0.o (__libc_init_array)
c:/program files (x86)/gnu arm embedded toolchain/9 2020-q2-update/bin/../lib/gcc/arm-none-eabi/9.3.1/../../../../arm-none-eabi/lib/thumb/v7e-m+fp/hard\libc_nano.a(lib_a-memcpy-stub.o)
                              _build/nrf52840_xxaa/nrf_memobj.c.o (memcpy)
c:/program files (x86)/gnu arm embedded toolchain/9 2020-q2-update/bin/../lib/gcc/arm-none-eabi/9.3.1/../../../../arm-none-eabi/lib/thumb/v7e-m+fp/hard\libc_nano.a(lib_a-memset.o)
                              c:/program files (x86)/gnu arm embedded toolchain/9 2020-q2-update/bin/../lib/gcc/arm-none-eabi/9.3.1/../../../../arm-none-eabi/lib/thumb/v7e-m+fp/hard/crt0.o (memset)
c:/program files (x86)/gnu arm embedded toolchain/9 2020-q2-update/bin/../lib/gcc/arm-none-eabi/9.3.1/../../../../arm-none-eabi/lib/thumb/v7e-m+fp/hard\libc_nano.a(lib_a-strlen.o)
                              _build/nrf52840_xxaa/nrf_fprintf_format.c.o (strlen)
c:/program files (x86)/gnu arm embedded toolchain/9 2020-q2-update/bin/../lib/gcc/arm-none-eabi/9.3.1/../../../../arm-none-eabi/lib/thumb/v7e-m+fp/hard\libnosys.a(_exit.o)
                              c:/program files (x86)/gnu arm embedded toolchain/9 2020-q2-update/bin/../lib/gcc/arm-none-eabi/9.3.1/../../../../arm-none-eabi/lib/thumb/v7e-m+fp/hard\libc_nano.a(lib_a-exit.o) (_exit)

Discarded input sections

 .text          0x00000000        0x0 c:/program files (x86)/gnu arm embedded toolchain/9 2020-q2-update/bin/../lib/gcc/arm-none-eabi/9.3.1/thumb/v7e-m+fp/hard/crti.o
 .data          0x00000000        0x0 c:/program files (x86)/gnu arm embedded toolchain/9 2020-q2-update/bin/../lib/gcc/arm-none-eabi/9.3.1/thumb/v7e-m+fp/hard/crti.o
 .bss           0x00000000        0x0 c:/program files (x86)/gnu arm embedded toolchain/9 2020-q2-update/bin/../lib/gcc/arm-none-eabi/9.3.1/thumb/v7e-m+fp/hard/crti.o
 .data          0x00000000        0x4 c:/program files (x86)/gnu arm embedded toolchain/9 2020-q2-update/bin/../lib/gcc/arm-none-eabi/9.3.1/thumb/v7e-m+fp/hard/crtbegin.o
 .data          0x00000000        0x0 c:/program files (x86)/gnu arm embedded toolchain/9 2020-q2-update/bin/../lib/gcc/arm-none-eabi/9.3.1/../../../../arm-none-eabi/lib/thumb/v7e-m+fp/hard/crt0.o
 .bss           0x00000000        0x0 c:/program files (x86)/gnu arm embedded toolchain/9 2020-q2-update/bin/../lib/gcc/arm-none-eabi/9.3.1/../../../../arm-none-eabi/lib/thumb/v7e-m+fp/hard/crt0.o
 .ARM.extab     0x00000000        0x0 c:/program files (x86)/gnu arm embedded toolchain/9 2020-q2-update/bin/../lib/gcc/arm-none-eabi/9.3.1/../../../../arm-none-eabi/lib/thumb/v7e-m+fp/hard/crt0.o
 .data          0x00000000        0x0 _build/nrf52840_xxaa/gcc_startup_nrf52840.S.o
 .bss           0x00000000        0x0 _build/nrf52840_xxaa/gcc_startup_nrf52840.S.o
 .group         0x00000000        0xc _build/nrf52840_xxaa/nrf_log_frontend.c.o
 .group         0x00000000        0xc _build/nrf52840_xxaa/nrf_log_frontend.c.o
 .group         0x00000000        0xc _build/nrf52840_xxaa/nrf_log_frontend.c.o
 .group         0x00000000        0xc _build/nrf52840_xxaa/nrf_log_frontend.c.o
 .group         0x00000000        0xc _build/nrf52840_xxaa/nrf_log_frontend.c.o
 .group         0x00000000        0xc _build/nrf52840_xxaa/nrf_log_frontend.c.o
 .group         0x00000000        0xc _build/nrf52840_xxaa/nrf_log_frontend.c.o
 .group         0x00000000        0xc _build/nrf52840_xxaa/nrf_log_frontend.c.o
 .group         0x00000000        0xc _build/nrf52840_xxaa/nrf_log_frontend.c.o
 .group         0x00000000        0xc _build/nrf52840_xxaa/nrf_log_frontend.c.o
 .group         0x00000000        0xc _build/nrf52840_xxaa/nrf_log_frontend.c.o
 .group         0x00000000        0xc _build/nrf52840_xxaa/nrf_log_frontend.c.o
[...]
Memory Configuration

Name             Origin             Length             Attributes
FLASH            0x00001000         0x000df000         xr
RAM              0x20000008         0x0003fff8         xrw
*default*        0x00000000         0xffffffff

Linker script and memory map


.text           0x00001000      0x750
 *(.isr_vector)
 .isr_vector    0x00001000      0x200 _build/nrf52840_xxaa/gcc_startup_nrf52840.S.o
                0x00001000                __isr_vector
 *(.text*)
 .text          0x00001200       0x40 c:/program files (x86)/gnu arm embedded toolchain/9 2020-q2-update/bin/../lib/gcc/arm-none-eabi/9.3.1/thumb/v7e-m+fp/hard/crtbegin.o
 .text          0x00001240       0x7c c:/program files (x86)/gnu arm embedded toolchain/9 2020-q2-update/bin/../lib/gcc/arm-none-eabi/9.3.1/../../../../arm-none-eabi/lib/thumb/v7e-m+fp/hard/crt0.o
                0x00001240                _stack_init
                0x00001248                _start
                0x00001248                _mainCRTStartup
 .text          0x000012bc       0x3c _build/nrf52840_xxaa/gcc_startup_nrf52840.S.o
                0x000012bc                Reset_Handler
                0x000012e4                NMI_Handler
                0x000012e6                HardFault_Handler
                0x000012e8                MemoryManagement_Handler
                0x000012ea                BusFault_Handler
                0x000012ec                UsageFault_Handler
                0x000012ee                SVC_Handler
                0x000012f0                DebugMon_Handler
                0x000012f2                PendSV_Handler
                0x000012f4                SysTick_Handler
                0x000012f6                SWI0_EGU0_IRQHandler
                0x000012f6                POWER_CLOCK_IRQHandler
                0x000012f6                RADIO_IRQHandler
                0x000012f6                PDM_IRQHandler
                0x000012f6                TEMP_IRQHandler
                0x000012f6                QDEC_IRQHandler
                0x000012f6                TIMER3_IRQHandler
                0x000012f6                GPIOTE_IRQHandler
                0x000012f6                FPU_IRQHandler
                0x000012f6                USBD_IRQHandler
                0x000012f6                SPIM0_SPIS0_TWIM0_TWIS0_SPI0_TWI0_IRQHandler
                0x000012f6                PWM1_IRQHandler
                0x000012f6                UARTE0_UART0_IRQHandler
                0x000012f6                TIMER4_IRQHandler
                0x000012f6                CRYPTOCELL_IRQHandler
                0x000012f6                RTC0_IRQHandler
                0x000012f6                SWI4_EGU4_IRQHandler
                0x000012f6                TIMER0_IRQHandler
                0x000012f6                PWM3_IRQHandler
                0x000012f6                UARTE1_IRQHandler
                0x000012f6                TIMER1_IRQHandler
                0x000012f6                SPIM3_IRQHandler
                0x000012f6                PWM2_IRQHandler
                0x000012f6                ECB_IRQHandler
                0x000012f6                SPIM1_SPIS1_TWIM1_TWIS1_SPI1_TWI1_IRQHandler
                0x000012f6                Default_Handler
                0x000012f6                SAADC_IRQHandler
                0x000012f6                CCM_AAR_IRQHandler
                0x000012f6                WDT_IRQHandler
                0x000012f6                SWI2_EGU2_IRQHandler
                0x000012f6                SWI5_EGU5_IRQHandler
                0x000012f6                RNG_IRQHandler
                0x000012f6                RTC2_IRQHandler
                0x000012f6                PWM0_IRQHandler
                0x000012f6                SWI3_EGU3_IRQHandler
                0x000012f6                RTC1_IRQHandler
                0x000012f6                SWI1_EGU1_IRQHandler
                0x000012f6                SPIM2_SPIS2_SPI2_IRQHandler
                0x000012f6                NFCT_IRQHandler
                0x000012f6                I2S_IRQHandler
                0x000012f6                MWU_IRQHandler
                0x000012f6                TIMER2_IRQHandler
                0x000012f6                QSPI_IRQHandler
                0x000012f6                COMP_LPCOMP_IRQHandler
 .text.bsp_board_led_invert
                0x000012f8       0x34 _build/nrf52840_xxaa/boards.c.o
                0x000012f8                bsp_board_led_invert
 .text.bsp_board_init
                0x0000132c       0xd4 _build/nrf52840_xxaa/boards.c.o
                0x0000132c                bsp_board_init
 .text.startup.main
                0x00001400       0x30 _build/nrf52840_xxaa/main.c.o
                0x00001400                main
 .text.SystemInit
                0x00001430      0x254 _build/nrf52840_xxaa/system_nrf52840.c.o
                0x00001430                SystemInit
 .text.exit     0x00001684       0x28 c:/program files (x86)/gnu arm embedded toolchain/9 2020-q2-update/bin/../lib/gcc/arm-none-eabi/9.3.1/../../../../arm-none-eabi/lib/thumb/v7e-m+fp/hard\libc_nano.a(lib_a-exit.o)
                0x00001684                exit
 .text.__libc_init_array
                0x000016ac       0x48 c:/program files (x86)/gnu arm embedded toolchain/9 2020-q2-update/bin/../lib/gcc/arm-none-eabi/9.3.1/../../../../arm-none-eabi/lib/thumb/v7e-m+fp/hard\libc_nano.a(lib_a-init.o)
                0x000016ac                __libc_init_array
 .text.memset   0x000016f4       0x10 c:/program files (x86)/gnu arm embedded toolchain/9 2020-q2-update/bin/../lib/gcc/arm-none-eabi/9.3.1/../../../../arm-none-eabi/lib/thumb/v7e-m+fp/hard\libc_nano.a(lib_a-memset.o)
                0x000016f4                memset
 .text._exit    0x00001704        0x4 c:/program files (x86)/gnu arm embedded toolchain/9 2020-q2-update/bin/../lib/gcc/arm-none-eabi/9.3.1/../../../../arm-none-eabi/lib/thumb/v7e-m+fp/hard\libnosys.a(_exit.o)
                0x00001704                _exit
 *(.init)
 .init          0x00001708        0x4 c:/program files (x86)/gnu arm embedded toolchain/9 2020-q2-update/bin/../lib/gcc/arm-none-eabi/9.3.1/thumb/v7e-m+fp/hard/crti.o
                0x00001708                _init
 .init          0x0000170c        0x8 c:/program files (x86)/gnu arm embedded toolchain/9 2020-q2-update/bin/../lib/gcc/arm-none-eabi/9.3.1/thumb/v7e-m+fp/hard/crtn.o
 *(.fini)
 .fini          0x00001714        0x4 c:/program files (x86)/gnu arm embedded toolchain/9 2020-q2-update/bin/../lib/gcc/arm-none-eabi/9.3.1/thumb/v7e-m+fp/hard/crti.o
                0x00001714                _fini
 .fini          0x00001718        0x8 c:/program files (x86)/gnu arm embedded toolchain/9 2020-q2-update/bin/../lib/gcc/arm-none-eabi/9.3.1/thumb/v7e-m+fp/hard/crtn.o
 *crtbegin.o(.ctors)
 *crtbegin?.o(.ctors)
 *(EXCLUDE_FILE(*crtend.o *crtend?.o) .ctors)
 *(SORT_BY_NAME(.ctors.*))
 *(.ctors)
 *crtbegin.o(.dtors)
 *crtbegin?.o(.dtors)
 *(EXCLUDE_FILE(*crtend.o *crtend?.o) .dtors)
 *(SORT_BY_NAME(.dtors.*))
 *(.dtors)
 *(.rodata*)
 .rodata.m_board_led_list
                0x00001720        0x4 _build/nrf52840_xxaa/boards.c.o
 *fill*         0x00001724        0xc 
 .rodata.delay_machine_code.8421
                0x00001730        0x6 _build/nrf52840_xxaa/main.c.o
 *fill*         0x00001736        0x2 
 .rodata.CSWTCH.15
                0x00001738        0x6 _build/nrf52840_xxaa/system_nrf52840.c.o
 *fill*         0x0000173e        0x2 
 .rodata.CSWTCH.6
                0x00001740        0x6 _build/nrf52840_xxaa/system_nrf52840.c.o
 *fill*         0x00001746        0x2 
 .rodata._global_impure_ptr
                0x00001748        0x4 c:/program files (x86)/gnu arm embedded toolchain/9 2020-q2-update/bin/../lib/gcc/arm-none-eabi/9.3.1/../../../../arm-none-eabi/lib/thumb/v7e-m+fp/hard\libc_nano.a(lib_a-impure.o)
                0x00001748                _global_impure_ptr
 *(.eh_frame*)
 .eh_frame      0x0000174c        0x0 c:/program files (x86)/gnu arm embedded toolchain/9 2020-q2-update/bin/../lib/gcc/arm-none-eabi/9.3.1/thumb/v7e-m+fp/hard/crtbegin.o
 .eh_frame      0x0000174c        0x4 c:/program files (x86)/gnu arm embedded toolchain/9 2020-q2-update/bin/../lib/gcc/arm-none-eabi/9.3.1/thumb/v7e-m+fp/hard/crtend.o

.glue_7         0x00001750        0x0
 .glue_7        0x00001750        0x0 linker stubs

.glue_7t        0x00001750        0x0
 .glue_7t       0x00001750        0x0 linker stubs

.vfp11_veneer   0x00001750        0x0
 .vfp11_veneer  0x00001750        0x0 linker stubs

.v4_bx          0x00001750        0x0
 .v4_bx         0x00001750        0x0 linker stubs

.iplt           0x00001750        0x0
 .iplt          0x00001750        0x0 c:/program files (x86)/gnu arm embedded toolchain/9 2020-q2-update/bin/../lib/gcc/arm-none-eabi/9.3.1/thumb/v7e-m+fp/hard/crtbegin.o

.mem_section_dummy_rom

.log_const_data
                0x00001750        0x0
                [!provide]                PROVIDE (__start_log_const_data = .)
 *(SORT_BY_NAME(.log_const_data*))
                [!provide]                PROVIDE (__stop_log_const_data = .)

.log_backends   0x00001750        0x0
                [!provide]                PROVIDE (__start_log_backends = .)
 *(SORT_BY_NAME(.log_backends*))
                [!provide]                PROVIDE (__stop_log_backends = .)

.nrf_balloc     0x00001750        0x0
                [!provide]                PROVIDE (__start_nrf_balloc = .)
 *(.nrf_balloc)
                [!provide]                PROVIDE (__stop_nrf_balloc = .)

.ARM.extab
 *(.ARM.extab* .gnu.linkonce.armextab.*)
                0x00001750                __exidx_start = .

.ARM.exidx      0x00001750        0x8
 *(.ARM.exidx* .gnu.linkonce.armexidx.*)
 .ARM.exidx     0x00001750        0x8 c:/program files (x86)/gnu arm embedded toolchain/9 2020-q2-update/bin/../lib/gcc/arm-none-eabi/9.3.1/../../../../arm-none-eabi/lib/thumb/v7e-m+fp/hard/crt0.o
                                 0x10 (size before relaxing)
                0x00001758                __exidx_end = .

.rel.dyn        0x00001758        0x0
 .rel.iplt      0x00001758        0x0 c:/program files (x86)/gnu arm embedded toolchain/9 2020-q2-update/bin/../lib/gcc/arm-none-eabi/9.3.1/thumb/v7e-m+fp/hard/crtbegin.o
                0x00001758                . = ALIGN (0x4)
                0x00001758                __etext = .

.data           0x20000008       0x6c load address 0x00001758
                0x20000008                __data_start__ = .
 *(vtable)
 *(.data*)
 .data.SystemCoreClock
                0x20000008        0x4 _build/nrf52840_xxaa/system_nrf52840.c.o
                0x20000008                SystemCoreClock
 .data.impure_data
                0x2000000c       0x60 c:/program files (x86)/gnu arm embedded toolchain/9 2020-q2-update/bin/../lib/gcc/arm-none-eabi/9.3.1/../../../../arm-none-eabi/lib/thumb/v7e-m+fp/hard\libc_nano.a(lib_a-impure.o)
                0x2000006c                . = ALIGN (0x4)
                0x2000006c                PROVIDE (__preinit_array_start = .)
 *(.preinit_array)
                0x2000006c                PROVIDE (__preinit_array_end = .)
                0x2000006c                . = ALIGN (0x4)
                0x2000006c                PROVIDE (__init_array_start = .)
 *(SORT_BY_NAME(.init_array.*))
 *(.init_array)
 .init_array    0x2000006c        0x4 c:/program files (x86)/gnu arm embedded toolchain/9 2020-q2-update/bin/../lib/gcc/arm-none-eabi/9.3.1/thumb/v7e-m+fp/hard/crtbegin.o
                0x20000070                PROVIDE (__init_array_end = .)
                0x20000070                . = ALIGN (0x4)
                [!provide]                PROVIDE (__fini_array_start = .)
 *(SORT_BY_NAME(.fini_array.*))
 *(.fini_array)
 .fini_array    0x20000070        0x4 c:/program files (x86)/gnu arm embedded toolchain/9 2020-q2-update/bin/../lib/gcc/arm-none-eabi/9.3.1/thumb/v7e-m+fp/hard/crtbegin.o
                [!provide]                PROVIDE (__fini_array_end = .)
 *(.jcr*)
                0x20000074                . = ALIGN (0x4)
                0x20000074                __data_end__ = .
LOAD c:/program files (x86)/gnu arm embedded toolchain/9 2020-q2-update/bin/../lib/gcc/arm-none-eabi/9.3.1/thumb/v7e-m+fp/hard/crti.o
LOAD c:/program files (x86)/gnu arm embedded toolchain/9 2020-q2-update/bin/../lib/gcc/arm-none-eabi/9.3.1/thumb/v7e-m+fp/hard/crtbegin.o
LOAD c:/program files (x86)/gnu arm embedded toolchain/9 2020-q2-update/bin/../lib/gcc/arm-none-eabi/9.3.1/../../../../arm-none-eabi/lib/thumb/v7e-m+fp/hard/crt0.o
LOAD _build/nrf52840_xxaa/gcc_startup_nrf52840.S.o
LOAD _build/nrf52840_xxaa/nrf_log_frontend.c.o
LOAD _build/nrf52840_xxaa/nrf_log_str_formatter.c.o
LOAD _build/nrf52840_xxaa/boards.c.o
LOAD _build/nrf52840_xxaa/app_error.c.o
LOAD _build/nrf52840_xxaa/app_error_handler_gcc.c.o
LOAD _build/nrf52840_xxaa/app_error_weak.c.o
LOAD _build/nrf52840_xxaa/app_util_platform.c.o
LOAD _build/nrf52840_xxaa/nrf_assert.c.o
LOAD _build/nrf52840_xxaa/nrf_atomic.c.o
LOAD _build/nrf52840_xxaa/nrf_balloc.c.o
LOAD _build/nrf52840_xxaa/nrf_fprintf.c.o
LOAD _build/nrf52840_xxaa/nrf_fprintf_format.c.o
LOAD _build/nrf52840_xxaa/nrf_memobj.c.o
LOAD _build/nrf52840_xxaa/nrf_ringbuf.c.o
LOAD _build/nrf52840_xxaa/nrf_strerror.c.o
LOAD _build/nrf52840_xxaa/nrfx_atomic.c.o
LOAD _build/nrf52840_xxaa/main.c.o
LOAD _build/nrf52840_xxaa/system_nrf52840.c.o
LOAD c:/program files (x86)/gnu arm embedded toolchain/9 2020-q2-update/bin/../lib/gcc/arm-none-eabi/9.3.1/../../../../arm-none-eabi/lib/thumb/v7e-m+fp/hard\libc_nano.a
LOAD c:/program files (x86)/gnu arm embedded toolchain/9 2020-q2-update/bin/../lib/gcc/arm-none-eabi/9.3.1/../../../../arm-none-eabi/lib/thumb/v7e-m+fp/hard\libnosys.a
LOAD c:/program files (x86)/gnu arm embedded toolchain/9 2020-q2-update/bin/../lib/gcc/arm-none-eabi/9.3.1/../../../../arm-none-eabi/lib/thumb/v7e-m+fp/hard\libm.a
START GROUP
LOAD c:/program files (x86)/gnu arm embedded toolchain/9 2020-q2-update/bin/../lib/gcc/arm-none-eabi/9.3.1/thumb/v7e-m+fp/hard\libgcc.a
LOAD c:/program files (x86)/gnu arm embedded toolchain/9 2020-q2-update/bin/../lib/gcc/arm-none-eabi/9.3.1/../../../../arm-none-eabi/lib/thumb/v7e-m+fp/hard\libg_nano.a
LOAD c:/program files (x86)/gnu arm embedded toolchain/9 2020-q2-update/bin/../lib/gcc/arm-none-eabi/9.3.1/../../../../arm-none-eabi/lib/thumb/v7e-m+fp/hard\libc_nano.a
END GROUP
START GROUP
LOAD c:/program files (x86)/gnu arm embedded toolchain/9 2020-q2-update/bin/../lib/gcc/arm-none-eabi/9.3.1/thumb/v7e-m+fp/hard\libgcc.a
LOAD c:/program files (x86)/gnu arm embedded toolchain/9 2020-q2-update/bin/../lib/gcc/arm-none-eabi/9.3.1/../../../../arm-none-eabi/lib/thumb/v7e-m+fp/hard\libc_nano.a
END GROUP
LOAD c:/program files (x86)/gnu arm embedded toolchain/9 2020-q2-update/bin/../lib/gcc/arm-none-eabi/9.3.1/thumb/v7e-m+fp/hard/crtend.o
LOAD c:/program files (x86)/gnu arm embedded toolchain/9 2020-q2-update/bin/../lib/gcc/arm-none-eabi/9.3.1/thumb/v7e-m+fp/hard/crtn.o
START GROUP
LOAD c:/program files (x86)/gnu arm embedded toolchain/9 2020-q2-update/bin/../lib/gcc/arm-none-eabi/9.3.1/thumb/v7e-m+fp/hard\libgcc.a
LOAD c:/program files (x86)/gnu arm embedded toolchain/9 2020-q2-update/bin/../lib/gcc/arm-none-eabi/9.3.1/../../../../arm-none-eabi/lib/thumb/v7e-m+fp/hard\libc.a
LOAD c:/program files (x86)/gnu arm embedded toolchain/9 2020-q2-update/bin/../lib/gcc/arm-none-eabi/9.3.1/../../../../arm-none-eabi/lib/thumb/v7e-m+fp/hard\libnosys.a
END GROUP

.igot.plt       0x20000074        0x0 load address 0x000017c4
 .igot.plt      0x20000074        0x0 c:/program files (x86)/gnu arm embedded toolchain/9 2020-q2-update/bin/../lib/gcc/arm-none-eabi/9.3.1/thumb/v7e-m+fp/hard/crtbegin.o
                0x20000074                . = ALIGN (0x4)

.mem_section_dummy_ram

.log_dynamic_data
                0x20000074        0x0
                [!provide]                PROVIDE (__start_log_dynamic_data = .)
 *(SORT_BY_NAME(.log_dynamic_data*))
                [!provide]                PROVIDE (__stop_log_dynamic_data = .)

.log_filter_data
                0x20000074        0x0
                [!provide]                PROVIDE (__start_log_filter_data = .)
 *(SORT_BY_NAME(.log_filter_data*))
                [!provide]                PROVIDE (__stop_log_filter_data = .)

.bss            0x20000074       0x1c load address 0x000017c4
                0x20000074                . = ALIGN (0x4)
                0x20000074                __bss_start__ = .
 *(.bss*)
 .bss           0x20000074       0x1c c:/program files (x86)/gnu arm embedded toolchain/9 2020-q2-update/bin/../lib/gcc/arm-none-eabi/9.3.1/thumb/v7e-m+fp/hard/crtbegin.o
 *(COMMON)
                0x20000090                . = ALIGN (0x4)
                0x20000090                __bss_end__ = .

.heap           0x20000090     0x2000
                0x20000090                __HeapBase = .
                0x20000090                __end__ = .
                [!provide]                PROVIDE (end = .)
 *(.heap*)
 .heap          0x20000090     0x2000 _build/nrf52840_xxaa/gcc_startup_nrf52840.S.o
                0x20002090                __HeapLimit = .

.stack_dummy    0x20000090     0x2000
 *(.stack*)
 .stack         0x20000090     0x2000 _build/nrf52840_xxaa/gcc_startup_nrf52840.S.o
                0x20040000                __StackTop = (ORIGIN (RAM) + LENGTH (RAM))
                0x2003e000                __StackLimit = (__StackTop - SIZEOF (.stack_dummy))
                0x20040000                PROVIDE (__stack = __StackTop)
                0x00000001                ASSERT ((__StackLimit >= __HeapLimit), region RAM overflowed with stack)
                0x0000006c                DataInitFlashUsed = (__bss_start__ - __data_start__)
                0x00000758                CodeFlashUsed = (__etext - ORIGIN (FLASH))
                0x000007c4                TotalFlashUsed = (CodeFlashUsed + DataInitFlashUsed)
                0x00000001                ASSERT ((TotalFlashUsed <= LENGTH (FLASH)), region FLASH overflowed with .data and user data)
OUTPUT(_build/nrf52840_xxaa.out elf32-littlearm)
LOAD linker stubs

.ARM.attributes
                0x00000000       0x30
 .ARM.attributes
                0x00000000       0x1e c:/program files (x86)/gnu arm embedded toolchain/9 2020-q2-update/bin/../lib/gcc/arm-none-eabi/9.3.1/thumb/v7e-m+fp/hard/crti.o
 .ARM.attributes
                0x0000001e       0x34 c:/program files (x86)/gnu arm embedded toolchain/9 2020-q2-update/bin/../lib/gcc/arm-none-eabi/9.3.1/thumb/v7e-m+fp/hard/crtbegin.o
 .ARM.attributes
                0x00000052       0x1c c:/program files (x86)/gnu arm embedded toolchain/9 2020-q2-update/bin/../lib/gcc/arm-none-eabi/9.3.1/../../../../arm-none-eabi/lib/thumb/v7e-m+fp/hard/crt0.o
 .ARM.attributes
                0x0000006e       0x20 _build/nrf52840_xxaa/gcc_startup_nrf52840.S.o
 .ARM.attributes
                0x0000008e       0x34 _build/nrf52840_xxaa/boards.c.o
 .ARM.attributes
                0x000000c2       0x34 _build/nrf52840_xxaa/main.c.o
 .ARM.attributes
                0x000000f6       0x34 _build/nrf52840_xxaa/system_nrf52840.c.o
 .ARM.attributes
                0x0000012a       0x34 c:/program files (x86)/gnu arm embedded toolchain/9 2020-q2-update/bin/../lib/gcc/arm-none-eabi/9.3.1/../../../../arm-none-eabi/lib/thumb/v7e-m+fp/hard\libc_nano.a(lib_a-exit.o)
 .ARM.attributes
                0x0000015e       0x32 c:/program files (x86)/gnu arm embedded toolchain/9 2020-q2-update/bin/../lib/gcc/arm-none-eabi/9.3.1/../../../../arm-none-eabi/lib/thumb/v7e-m+fp/hard\libc_nano.a(lib_a-impure.o)
 .ARM.attributes
                0x00000190       0x34 c:/program files (x86)/gnu arm embedded toolchain/9 2020-q2-update/bin/../lib/gcc/arm-none-eabi/9.3.1/../../../../arm-none-eabi/lib/thumb/v7e-m+fp/hard\libc_nano.a(lib_a-init.o)
 .ARM.attributes
                0x000001c4       0x34 c:/program files (x86)/gnu arm embedded toolchain/9 2020-q2-update/bin/../lib/gcc/arm-none-eabi/9.3.1/../../../../arm-none-eabi/lib/thumb/v7e-m+fp/hard\libc_nano.a(lib_a-memset.o)
 .ARM.attributes
                0x000001f8       0x34 c:/program files (x86)/gnu arm embedded toolchain/9 2020-q2-update/bin/../lib/gcc/arm-none-eabi/9.3.1/../../../../arm-none-eabi/lib/thumb/v7e-m+fp/hard\libnosys.a(_exit.o)
 .ARM.attributes
                0x0000022c       0x32 c:/program files (x86)/gnu arm embedded toolchain/9 2020-q2-update/bin/../lib/gcc/arm-none-eabi/9.3.1/thumb/v7e-m+fp/hard/crtend.o
 .ARM.attributes
                0x0000025e       0x1e c:/program files (x86)/gnu arm embedded toolchain/9 2020-q2-update/bin/../lib/gcc/arm-none-eabi/9.3.1/thumb/v7e-m+fp/hard/crtn.o

.comment        0x00000000       0x4c
 .comment       0x00000000       0x4c _build/nrf52840_xxaa/boards.c.o
                                 0x4d (size before relaxing)
 .comment       0x0000004c       0x4d _build/nrf52840_xxaa/main.c.o
 .comment       0x0000004c       0x4d _build/nrf52840_xxaa/system_nrf52840.c.o

.debug_line     0x00000000     0x2373
 .debug_line    0x00000000       0x89 _build/nrf52840_xxaa/gcc_startup_nrf52840.S.o
 .debug_line    0x00000089     0x1124 _build/nrf52840_xxaa/boards.c.o
 .debug_line    0x000011ad      0x84e _build/nrf52840_xxaa/main.c.o
 .debug_line    0x000019fb      0x978 _build/nrf52840_xxaa/system_nrf52840.c.o

.debug_info     0x00000000     0x44db
 .debug_info    0x00000000       0x26 _build/nrf52840_xxaa/gcc_startup_nrf52840.S.o
 .debug_info    0x00000026     0x20a6 _build/nrf52840_xxaa/boards.c.o
 .debug_info    0x000020cc      0xb26 _build/nrf52840_xxaa/main.c.o
 .debug_info    0x00002bf2     0x18e9 _build/nrf52840_xxaa/system_nrf52840.c.o

.debug_abbrev   0x00000000      0xab6
 .debug_abbrev  0x00000000       0x14 _build/nrf52840_xxaa/gcc_startup_nrf52840.S.o
 .debug_abbrev  0x00000014      0x4b4 _build/nrf52840_xxaa/boards.c.o
 .debug_abbrev  0x000004c8      0x2ba _build/nrf52840_xxaa/main.c.o
 .debug_abbrev  0x00000782      0x334 _build/nrf52840_xxaa/system_nrf52840.c.o

.debug_aranges  0x00000000       0xf0
 .debug_aranges
                0x00000000       0x20 _build/nrf52840_xxaa/gcc_startup_nrf52840.S.o
 .debug_aranges
                0x00000020       0x78 _build/nrf52840_xxaa/boards.c.o
 .debug_aranges
                0x00000098       0x20 _build/nrf52840_xxaa/main.c.o
 .debug_aranges
                0x000000b8       0x38 _build/nrf52840_xxaa/system_nrf52840.c.o

.debug_str      0x00000000    0x8ea2b
 .debug_str     0x00000000       0x96 _build/nrf52840_xxaa/gcc_startup_nrf52840.S.o
 .debug_str     0x00000096    0x865ce _build/nrf52840_xxaa/boards.c.o
                              0x87914 (size before relaxing)
 .debug_str     0x00086664       0xb0 _build/nrf52840_xxaa/main.c.o
                              0x87164 (size before relaxing)
 .debug_str     0x00086714     0x8317 _build/nrf52840_xxaa/system_nrf52840.c.o
                              0x7eb30 (size before relaxing)

.debug_loc      0x00000000     0x11cc
 .debug_loc     0x00000000      0xecd _build/nrf52840_xxaa/boards.c.o
 .debug_loc     0x00000ecd       0x87 _build/nrf52840_xxaa/main.c.o
 .debug_loc     0x00000f54      0x278 _build/nrf52840_xxaa/system_nrf52840.c.o

.debug_ranges   0x00000000      0x9a0
 .debug_ranges  0x00000000      0x838 _build/nrf52840_xxaa/boards.c.o
 .debug_ranges  0x00000838       0x10 _build/nrf52840_xxaa/main.c.o
 .debug_ranges  0x00000848      0x158 _build/nrf52840_xxaa/system_nrf52840.c.o

.debug_macro    0x00000000     0x2ecf
 .debug_macro   0x00000000      0x35c _build/nrf52840_xxaa/boards.c.o
 .debug_macro   0x0000035c      0x101 _build/nrf52840_xxaa/boards.c.o
 .debug_macro   0x0000045d       0x40 _build/nrf52840_xxaa/boards.c.o
 .debug_macro   0x0000049d      0x462 _build/nrf52840_xxaa/boards.c.o
 .debug_macro   0x000008ff       0x59 _build/nrf52840_xxaa/boards.c.o
 .debug_macro   0x00000958       0x1f _build/nrf52840_xxaa/boards.c.o
 .debug_macro   0x00000977      0x154 _build/nrf52840_xxaa/boards.c.o
 .debug_macro   0x00000acb       0x3f _build/nrf52840_xxaa/boards.c.o
 .debug_macro   0x00000b0a       0x16 _build/nrf52840_xxaa/boards.c.o
 .debug_macro   0x00000b20      0x356 _build/nrf52840_xxaa/boards.c.o
 .debug_macro   0x00000e76       0x10 _build/nrf52840_xxaa/boards.c.o
 .debug_macro   0x00000e86       0xbe _build/nrf52840_xxaa/boards.c.o
 .debug_macro   0x00000f44       0x16 _build/nrf52840_xxaa/boards.c.o
 .debug_macro   0x00000f5a      0x129 _build/nrf52840_xxaa/boards.c.o
 .debug_macro   0x00001083       0x49 _build/nrf52840_xxaa/boards.c.o
 .debug_macro   0x000010cc       0x8c _build/nrf52840_xxaa/boards.c.o
 .debug_macro   0x00001158       0x19 _build/nrf52840_xxaa/boards.c.o
 .debug_macro   0x00001171       0x1d _build/nrf52840_xxaa/boards.c.o
 .debug_macro   0x0000118e       0x35 _build/nrf52840_xxaa/boards.c.o
 .debug_macro   0x000011c3       0x7b _build/nrf52840_xxaa/boards.c.o
 .debug_macro   0x0000123e       0x64 _build/nrf52840_xxaa/boards.c.o
 .debug_macro   0x000012a2       0x20 _build/nrf52840_xxaa/boards.c.o
 .debug_macro   0x000012c2       0x1c _build/nrf52840_xxaa/boards.c.o
 .debug_macro   0x000012de       0x9a _build/nrf52840_xxaa/boards.c.o
 .debug_macro   0x00001378      0x16d _build/nrf52840_xxaa/boards.c.o
 .debug_macro   0x000014e5      0x366 _build/nrf52840_xxaa/main.c.o
 .debug_macro   0x0000184b       0x22 _build/nrf52840_xxaa/main.c.o
 .debug_macro   0x0000186d      0x158 _build/nrf52840_xxaa/system_nrf52840.c.o
 .debug_macro   0x000019c5      0x44e _build/nrf52840_xxaa/system_nrf52840.c.o
 .debug_macro   0x00001e13      0xa28 _build/nrf52840_xxaa/system_nrf52840.c.o
 .debug_macro   0x0000283b      0x520 _build/nrf52840_xxaa/system_nrf52840.c.o
 .debug_macro   0x00002d5b      0x164 _build/nrf52840_xxaa/system_nrf52840.c.o
 .debug_macro   0x00002ebf       0x10 _build/nrf52840_xxaa/system_nrf52840.c.o

.debug_frame    0x00000000      0x218
 .debug_frame   0x00000000       0xfc _build/nrf52840_xxaa/boards.c.o
 .debug_frame   0x000000fc       0x2c _build/nrf52840_xxaa/main.c.o
 .debug_frame   0x00000128       0x5c _build/nrf52840_xxaa/system_nrf52840.c.o
 .debug_frame   0x00000184       0x28 c:/program files (x86)/gnu arm embedded toolchain/9 2020-q2-update/bin/../lib/gcc/arm-none-eabi/9.3.1/../../../../arm-none-eabi/lib/thumb/v7e-m+fp/hard\libc_nano.a(lib_a-exit.o)
 .debug_frame   0x000001ac       0x2c c:/program files (x86)/gnu arm embedded toolchain/9 2020-q2-update/bin/../lib/gcc/arm-none-eabi/9.3.1/../../../../arm-none-eabi/lib/thumb/v7e-m+fp/hard\libc_nano.a(lib_a-init.o)
 .debug_frame   0x000001d8       0x20 c:/program files (x86)/gnu arm embedded toolchain/9 2020-q2-update/bin/../lib/gcc/arm-none-eabi/9.3.1/../../../../arm-none-eabi/lib/thumb/v7e-m+fp/hard\libc_nano.a(lib_a-memset.o)
 .debug_frame   0x000001f8       0x20 c:/program files (x86)/gnu arm embedded toolchain/9 2020-q2-update/bin/../lib/gcc/arm-none-eabi/9.3.1/../../../../arm-none-eabi/lib/thumb/v7e-m+fp/hard\libnosys.a(_exit.o)
