Archive member included to satisfy reference by file (symbol)

c:/program files (x86)/gnu arm embedded toolchain/9 2020-q2-update/bin/../lib/gcc/arm-none-eabi/9.3.1/../../../../arm-none-eabi/lib/thumb/v7e-m+fp/hard\libc_nano.a(lib_a-ctype_.o)
                              _build/nrf52840_xxaa/nrf_log_str_formatter.c.o (_ctype_)
c:/program files (x86)/gnu arm embedded toolchain/9 2020-q2-update/bin/../lib/gcc/arm-none-eabi/9.3.1/../../../../arm-none-eabi/lib/thumb/v7e-m+fp/hard\libc_nano.a(lib_a-exit.o)
                              c:/program files (x86)/gnu arm embedded toolchain/9 2020-q2-update/bin/../lib/gcc/arm-none-eabi/9.3.1/../../../../arm-none-eabi/lib/thumb/v7e-m+fp/hard/crt0.o (exit)
c:/program files (x86)/gnu arm embedded toolchain/9 2020-q2-update/bin/../lib/gcc/arm-none-eabi/9.3.1/../../../../arm-none-eabi/lib/thumb/v7e-m+fp/hard\libc_nano.a(lib_a-impure.o)
                              c:/program files (x86)/gnu arm embedded toolchain/9 2020-q2-update/bin/../lib/gcc/arm-none-eabi/9.3.1/../../../../arm-none-eabi/lib/thumb/v7e-m+fp/hard\libc_nano.a(lib_a-exit.o) (_global_impure_ptr)
c:/program files (x86)/gnu arm embedded toolchain/9 2020-q2-update/bin/../lib/gcc/arm-none-eabi/9.3.1/../../../../arm-none-eabi/lib/thumb/v7e-m+fp/hard\libc_nano.a(lib_a-init.o)
                              c:/program files (x86)/gnu arm embedded toolchain/9 2020-q2-update/bin/../lib/gcc/arm-none-eabi/9.3.1/../../../../arm-none-eabi/lib/thumb/v7e-m+fp/hard/crt0.o (__libc_init_array)
c:/program files (x86)/gnu arm embedded toolchain/9 2020-q2-update/bin/../lib/gcc/arm-none-eabi/9.3.1/../../../../arm-none-eabi/lib/thumb/v7e-m+fp/hard\libc_nano.a(lib_a-memcmp.o)
                              _build/nrf52840_xxaa/ble_advdata.c.o (memcmp)
c:/program files (x86)/gnu arm embedded toolchain/9 2020-q2-update/bin/../lib/gcc/arm-none-eabi/9.3.1/../../../../arm-none-eabi/lib/thumb/v7e-m+fp/hard\libc_nano.a(lib_a-memcpy-stub.o)
                              _build/nrf52840_xxaa/nrf_log_frontend.c.o (memcpy)
c:/program files (x86)/gnu arm embedded toolchain/9 2020-q2-update/bin/../lib/gcc/arm-none-eabi/9.3.1/../../../../arm-none-eabi/lib/thumb/v7e-m+fp/hard\libc_nano.a(lib_a-memset.o)
                              c:/program files (x86)/gnu arm embedded toolchain/9 2020-q2-update/bin/../lib/gcc/arm-none-eabi/9.3.1/../../../../arm-none-eabi/lib/thumb/v7e-m+fp/hard/crt0.o (memset)
c:/program files (x86)/gnu arm embedded toolchain/9 2020-q2-update/bin/../lib/gcc/arm-none-eabi/9.3.1/../../../../arm-none-eabi/lib/thumb/v7e-m+fp/hard\libc_nano.a(lib_a-printf.o)
                              _build/nrf52840_xxaa/main.c.o (printf)
c:/program files (x86)/gnu arm embedded toolchain/9 2020-q2-update/bin/../lib/gcc/arm-none-eabi/9.3.1/../../../../arm-none-eabi/lib/thumb/v7e-m+fp/hard\libc_nano.a(lib_a-strcpy.o)
                              _build/nrf52840_xxaa/SEGGER_RTT.c.o (strcpy)
c:/program files (x86)/gnu arm embedded toolchain/9 2020-q2-update/bin/../lib/gcc/arm-none-eabi/9.3.1/../../../../arm-none-eabi/lib/thumb/v7e-m+fp/hard\libc_nano.a(lib_a-strlen.o)
                              _build/nrf52840_xxaa/nrf_log_frontend.c.o (strlen)
c:/program files (x86)/gnu arm embedded toolchain/9 2020-q2-update/bin/../lib/gcc/arm-none-eabi/9.3.1/../../../../arm-none-eabi/lib/thumb/v7e-m+fp/hard\libc_nano.a(lib_a-findfp.o)
                              c:/program files (x86)/gnu arm embedded toolchain/9 2020-q2-update/bin/../lib/gcc/arm-none-eabi/9.3.1/../../../../arm-none-eabi/lib/thumb/v7e-m+fp/hard\libc_nano.a(lib_a-printf.o) (__sinit)
c:/program files (x86)/gnu arm embedded toolchain/9 2020-q2-update/bin/../lib/gcc/arm-none-eabi/9.3.1/../../../../arm-none-eabi/lib/thumb/v7e-m+fp/hard\libc_nano.a(lib_a-fwalk.o)
                              c:/program files (x86)/gnu arm embedded toolchain/9 2020-q2-update/bin/../lib/gcc/arm-none-eabi/9.3.1/../../../../arm-none-eabi/lib/thumb/v7e-m+fp/hard\libc_nano.a(lib_a-findfp.o) (_fwalk)
c:/program files (x86)/gnu arm embedded toolchain/9 2020-q2-update/bin/../lib/gcc/arm-none-eabi/9.3.1/../../../../arm-none-eabi/lib/thumb/v7e-m+fp/hard\libc_nano.a(lib_a-lock.o)
                              c:/program files (x86)/gnu arm embedded toolchain/9 2020-q2-update/bin/../lib/gcc/arm-none-eabi/9.3.1/../../../../arm-none-eabi/lib/thumb/v7e-m+fp/hard\libc_nano.a(lib_a-findfp.o) (__retarget_lock_init_recursive)
c:/program files (x86)/gnu arm embedded toolchain/9 2020-q2-update/bin/../lib/gcc/arm-none-eabi/9.3.1/../../../../arm-none-eabi/lib/thumb/v7e-m+fp/hard\libc_nano.a(lib_a-nano-mallocr.o)
                              c:/program files (x86)/gnu arm embedded toolchain/9 2020-q2-update/bin/../lib/gcc/arm-none-eabi/9.3.1/../../../../arm-none-eabi/lib/thumb/v7e-m+fp/hard\libc_nano.a(lib_a-findfp.o) (_malloc_r)
c:/program files (x86)/gnu arm embedded toolchain/9 2020-q2-update/bin/../lib/gcc/arm-none-eabi/9.3.1/../../../../arm-none-eabi/lib/thumb/v7e-m+fp/hard\libc_nano.a(lib_a-nano-vfprintf.o)
[...]
Memory Configuration

Name             Origin             Length             Attributes
FLASH            0x00027000         0x000d9000         xr
RAM              0x20002a38         0x0003d5c8         xrw
*default*        0x00000000         0xffffffff

Linker script and memory map


.text           0x00027000     0xa610
 *(.isr_vector)
 .isr_vector    0x00027000      0x200 _build/nrf52840_xxaa/gcc_startup_nrf52840.S.o
                0x00027000                __isr_vector
 *(.text*)
 .text          0x00027200       0x40 c:/program files (x86)/gnu arm embedded toolchain/9 2020-q2-update/bin/../lib/gcc/arm-none-eabi/9.3.1/thumb/v7e-m+fp/hard/crtbegin.o
 .text          0x00027240       0x7c c:/program files (x86)/gnu arm embedded toolchain/9 2020-q2-update/bin/../lib/gcc/arm-none-eabi/9.3.1/../../../../arm-none-eabi/lib/thumb/v7e-m+fp/hard/crt0.o
                0x00027240                _stack_init
                0x00027248                _start
                0x00027248                _mainCRTStartup
 .text          0x000272bc       0x3c _build/nrf52840_xxaa/gcc_startup_nrf52840.S.o
                0x000272bc                Reset_Handler
                0x000272e4                NMI_Handler
                0x000272e6                HardFault_Handler
                0x000272e8                MemoryManagement_Handler
                0x000272ea                BusFault_Handler
                0x000272ec                UsageFault_Handler
                0x000272ee                SVC_Handler
                0x000272f0                DebugMon_Handler
                0x000272f2                PendSV_Handler
                0x000272f4                SysTick_Handler
                0x000272f6                PDM_IRQHandler
                0x000272f6                TEMP_IRQHandler
                0x000272f6                QDEC_IRQHandler
                0x000272f6                TIMER3_IRQHandler
                0x000272f6                PWM3_IRQHandler
                0x000272f6                RTC0_IRQHandler
                0x000272f6                USBD_IRQHandler
                0x000272f6                SPIM0_SPIS0_TWIM0_TWIS0_SPI0_TWI0_IRQHandler
                0x000272f6                PWM1_IRQHandler
                0x000272f6                TIMER4_IRQHandler
                0x000272f6                RADIO_IRQHandler
                0x000272f6                I2S_IRQHandler
                0x000272f6                SWI4_EGU4_IRQHandler
                0x000272f6                FPU_IRQHandler
                0x000272f6                TIMER2_IRQHandler
                0x000272f6                UARTE1_IRQHandler
                0x000272f6                TIMER1_IRQHandler
                0x000272f6                SPIM3_IRQHandler
                0x000272f6                PWM2_IRQHandler
                0x000272f6                ECB_IRQHandler
                0x000272f6                SPIM1_SPIS1_TWIM1_TWIS1_SPI1_TWI1_IRQHandler
                0x000272f6                Default_Handler
                0x000272f6                SAADC_IRQHandler
                0x000272f6                CCM_AAR_IRQHandler
                0x000272f6                WDT_IRQHandler
                0x000272f6                CRYPTOCELL_IRQHandler
                0x000272f6                SWI5_EGU5_IRQHandler
                0x000272f6                RNG_IRQHandler
                0x000272f6                RTC2_IRQHandler
                0x000272f6                PWM0_IRQHandler
                0x000272f6                SWI3_EGU3_IRQHandler
                0x000272f6                SWI1_EGU1_IRQHandler
                0x000272f6                SPIM2_SPIS2_SPI2_IRQHandler
                0x000272f6                NFCT_IRQHandler
                0x000272f6                SWI0_EGU0_IRQHandler
                0x000272f6                MWU_IRQHandler
                0x000272f6                TIMER0_IRQHandler
                0x000272f6                QSPI_IRQHandler
                0x000272f6                COMP_LPCOMP_IRQHandler
 .text.nrf_log_backend_rtt_flush
                0x000272f8        0x4 _build/nrf52840_xxaa/nrf_log_backend_rtt.c.o
 .text.nrf_log_backend_rtt_put
                0x000272fc       0x20 _build/nrf52840_xxaa/nrf_log_backend_rtt.c.o
 .text.serial_tx
                0x0002731c       0x54 _build/nrf52840_xxaa/nrf_log_backend_rtt.c.o
 .text.nrf_log_backend_rtt_panic_set
                0x00027370        0x4 _build/nrf52840_xxaa/nrf_log_backend_rtt.c.o
 .text.nrf_log_backend_rtt_init
                0x00027374        0x4 _build/nrf52840_xxaa/nrf_log_backend_rtt.c.o
                0x00027374                nrf_log_backend_rtt_init
 .text.nrf_log_backend_serial_put
                0x00027378       0xd8 _build/nrf52840_xxaa/nrf_log_backend_serial.c.o
                0x00027378                nrf_log_backend_serial_put
 .text.nrf_log_default_backends_init
                0x00027450       0x20 _build/nrf52840_xxaa/nrf_log_default_backends.c.o
                0x00027450                nrf_log_default_backends_init
 .text.nrf_log_init
                0x00027470       0x28 _build/nrf52840_xxaa/nrf_log_frontend.c.o
                0x00027470                nrf_log_init
 .text.nrf_log_module_name_get
                0x00027498       0x48 _build/nrf52840_xxaa/nrf_log_frontend.c.o
                0x00027498                nrf_log_module_name_get
 .text.nrf_log_color_id_get
                0x000274e0       0x2c _build/nrf52840_xxaa/nrf_log_frontend.c.o
                0x000274e0                nrf_log_color_id_get
 .text.log_pending_hook
                0x0002750c        0x4 _build/nrf52840_xxaa/nrf_log_frontend.c.o
                0x0002750c                log_pending_hook
 .text.nrf_log_frontend_dequeue
                0x00027510      0x250 _build/nrf52840_xxaa/nrf_log_frontend.c.o
                0x00027510                nrf_log_frontend_dequeue
 .text.nrf_log_frontend_std_0
                0x00027760      0x18c _build/nrf52840_xxaa/nrf_log_frontend.c.o
                0x00027760                nrf_log_frontend_std_0
 .text.nrf_log_frontend_std_1
                0x000278ec      0x1a0 _build/nrf52840_xxaa/nrf_log_frontend.c.o
                0x000278ec                nrf_log_frontend_std_1
 .text.nrf_log_frontend_std_2
                0x00027a8c      0x1b4 _build/nrf52840_xxaa/nrf_log_frontend.c.o
                0x00027a8c                nrf_log_frontend_std_2
 .text.nrf_log_frontend_std_3
                0x00027c40      0x1c0 _build/nrf52840_xxaa/nrf_log_frontend.c.o
                0x00027c40                nrf_log_frontend_std_3
 .text.nrf_log_frontend_std_6
                0x00027e00      0x204 _build/nrf52840_xxaa/nrf_log_frontend.c.o
                0x00027e00                nrf_log_frontend_std_6
 .text.nrf_log_backend_add
                0x00028004       0x5c _build/nrf52840_xxaa/nrf_log_frontend.c.o
                0x00028004                nrf_log_backend_add
 .text.nrf_log_panic
                0x00028060       0x28 _build/nrf52840_xxaa/nrf_log_frontend.c.o
                0x00028060                nrf_log_panic
 .text.prefix_process
                0x00028088       0x80 _build/nrf52840_xxaa/nrf_log_str_formatter.c.o
 .text.nrf_log_std_entry_process
                0x00028108       0xf0 _build/nrf52840_xxaa/nrf_log_str_formatter.c.o
                0x00028108                nrf_log_std_entry_process
 .text.nrf_log_hexdump_entry_process
                0x000281f8       0xfc _build/nrf52840_xxaa/nrf_log_str_formatter.c.o
                0x000281f8                nrf_log_hexdump_entry_process
 .text.gpiote_event_handler
                0x000282f4       0x74 _build/nrf52840_xxaa/app_button.c.o
 .text.detection_delay_timeout_handler
                0x00028368      0x264 _build/nrf52840_xxaa/app_button.c.o
 .text.app_button_init
                0x000285cc       0xc0 _build/nrf52840_xxaa/app_button.c.o
                0x000285cc                app_button_init
 .text.app_button_enable
                0x0002868c       0x2c _build/nrf52840_xxaa/app_button.c.o
                0x0002868c                app_button_enable
 .text.app_error_handler_bare
                0x000286b8       0x20 _build/nrf52840_xxaa/app_error.c.o
                0x000286b8                app_error_handler_bare
 .text.app_error_fault_handler
                0x000286d8       0x70 _build/nrf52840_xxaa/app_error_weak.c.o
                0x000286d8                app_error_fault_handler
 .text.app_fifo_init
                0x00028748       0x20 _build/nrf52840_xxaa/app_fifo.c.o
                0x00028748                app_fifo_init
 .text.app_fifo_put
                0x00028768       0x30 _build/nrf52840_xxaa/app_fifo.c.o
                0x00028768                app_fifo_put
 .text.app_fifo_get
                0x00028798       0x2c _build/nrf52840_xxaa/app_fifo.c.o
                0x00028798                app_fifo_get
 .text.compare_func
                0x000287c4       0x18 _build/nrf52840_xxaa/app_timer2.c.o
 .text.timer_expire.part.0
                0x000287dc       0x84 _build/nrf52840_xxaa/app_timer2.c.o
 .text.rtc_irq  0x00028860      0x2d8 _build/nrf52840_xxaa/app_timer2.c.o
 .text.app_timer_init
                0x00028b38       0x6c _build/nrf52840_xxaa/app_timer2.c.o
                0x00028b38                app_timer_init
 .text.app_timer_create
                0x00028ba4       0x2c _build/nrf52840_xxaa/app_timer2.c.o
                0x00028ba4                app_timer_create
 .text.app_timer_start
                0x00028bd0       0xbc _build/nrf52840_xxaa/app_timer2.c.o
                0x00028bd0                app_timer_start
 .text.app_timer_stop
                0x00028c8c       0x7c _build/nrf52840_xxaa/app_timer2.c.o
                0x00028c8c                app_timer_stop
 .text.uart_event_handler
                0x00028d08      0x120 _build/nrf52840_xxaa/app_uart_fifo.c.o
 .text.app_uart_init
                0x00028e28       0xf8 _build/nrf52840_xxaa/app_uart_fifo.c.o
                0x00028e28                app_uart_init
 .text.app_uart_get
                0x00028f20       0x5c _build/nrf52840_xxaa/app_uart_fifo.c.o
                0x00028f20                app_uart_get
 .text.app_uart_put
                0x00028f7c       0x74 _build/nrf52840_xxaa/app_uart_fifo.c.o
                0x00028f7c                app_uart_put
 .text.app_util_critical_region_enter
                0x00028ff0       0x4c _build/nrf52840_xxaa/app_util_platform.c.o
                0x00028ff0                app_util_critical_region_enter
 .text.app_util_critical_region_exit
                0x0002903c       0x30 _build/nrf52840_xxaa/app_util_platform.c.o
                0x0002903c                app_util_critical_region_exit
 .text.drv_rtc_init
                0x0002906c       0xc0 _build/nrf52840_xxaa/drv_rtc.c.o
                0x0002906c                drv_rtc_init
 .text.drv_rtc_start
                0x0002912c        0x8 _build/nrf52840_xxaa/drv_rtc.c.o
                0x0002912c                drv_rtc_start
 .text.drv_rtc_stop
                0x00029134        0x8 _build/nrf52840_xxaa/drv_rtc.c.o
                0x00029134                drv_rtc_stop
 .text.drv_rtc_compare_set
                0x0002913c       0x4c _build/nrf52840_xxaa/drv_rtc.c.o
                0x0002913c                drv_rtc_compare_set
 .text.drv_rtc_windowed_compare_set
                0x00029188       0xf8 _build/nrf52840_xxaa/drv_rtc.c.o
                0x00029188                drv_rtc_windowed_compare_set
 .text.drv_rtc_overflow_enable
                0x00029280       0x14 _build/nrf52840_xxaa/drv_rtc.c.o
                0x00029280                drv_rtc_overflow_enable
 .text.drv_rtc_overflow_pending
                0x00029294       0x20 _build/nrf52840_xxaa/drv_rtc.c.o
                0x00029294                drv_rtc_overflow_pending
 .text.drv_rtc_compare_disable
                0x000292b4       0x18 _build/nrf52840_xxaa/drv_rtc.c.o
                0x000292b4                drv_rtc_compare_disable
 .text.drv_rtc_compare_pending
                0x000292cc       0x20 _build/nrf52840_xxaa/drv_rtc.c.o
                0x000292cc                drv_rtc_compare_pending
 .text.drv_rtc_counter_get
                0x000292ec        0x8 _build/nrf52840_xxaa/drv_rtc.c.o
                0x000292ec                drv_rtc_counter_get
 .text.drv_rtc_irq_trigger
                0x000292f4       0x24 _build/nrf52840_xxaa/drv_rtc.c.o
                0x000292f4                drv_rtc_irq_trigger
 .text.RTC1_IRQHandler
                0x00029318       0x14 _build/nrf52840_xxaa/drv_rtc.c.o
                0x00029318                RTC1_IRQHandler
 .text.nrf_atfifo_init
                0x0002932c       0x30 _build/nrf52840_xxaa/nrf_atfifo.c.o
                0x0002932c                nrf_atfifo_init
 .text.nrf_atfifo_item_alloc
                0x0002935c       0x5c _build/nrf52840_xxaa/nrf_atfifo.c.o
                0x0002935c                nrf_atfifo_item_alloc
 .text.nrf_atfifo_item_put
                0x000293b8       0x20 _build/nrf52840_xxaa/nrf_atfifo.c.o
                0x000293b8                nrf_atfifo_item_put
 .text.nrf_atfifo_item_get
                0x000293d8       0x60 _build/nrf52840_xxaa/nrf_atfifo.c.o
                0x000293d8                nrf_atfifo_item_get
 .text.nrf_atfifo_item_free
                0x00029438       0x20 _build/nrf52840_xxaa/nrf_atfifo.c.o
                0x00029438                nrf_atfifo_item_free
 .text.nrf_atomic_u32_fetch_store
                0x00029458       0x1c _build/nrf52840_xxaa/nrf_atomic.c.o
                0x00029458                nrf_atomic_u32_fetch_store
 .text.nrf_atomic_u32_add
                0x00029474       0x1c _build/nrf52840_xxaa/nrf_atomic.c.o
                0x00029474                nrf_atomic_u32_add
 .text.nrf_atomic_u32_sub
                0x00029490       0x1c _build/nrf52840_xxaa/nrf_atomic.c.o
                0x00029490                nrf_atomic_u32_sub
 .text.nrf_atomic_flag_set
                0x000294ac       0x20 _build/nrf52840_xxaa/nrf_atomic.c.o
                0x000294ac                nrf_atomic_flag_set
 .text.nrf_atomic_flag_clear_fetch
                0x000294cc       0x20 _build/nrf52840_xxaa/nrf_atomic.c.o
                0x000294cc                nrf_atomic_flag_clear_fetch
 .text.nrf_balloc_init
                0x000294ec       0x38 _build/nrf52840_xxaa/nrf_balloc.c.o
                0x000294ec                nrf_balloc_init
 .text.nrf_balloc_alloc
                0x00029524       0x50 _build/nrf52840_xxaa/nrf_balloc.c.o
                0x00029524                nrf_balloc_alloc
 .text.nrf_balloc_free
                0x00029574       0x38 _build/nrf52840_xxaa/nrf_balloc.c.o
                0x00029574                nrf_balloc_free
 .text.nrf_fprintf_buffer_flush
                0x000295ac       0x18 _build/nrf52840_xxaa/nrf_fprintf.c.o
                0x000295ac                nrf_fprintf_buffer_flush
 .text.nrf_fprintf
                0x000295c4       0x20 _build/nrf52840_xxaa/nrf_fprintf.c.o
                0x000295c4                nrf_fprintf
 .text.unsigned_print
                0x000295e4      0x14c _build/nrf52840_xxaa/nrf_fprintf_format.c.o
 .text.nrf_fprintf_fmt
                0x00029730      0x5cc _build/nrf52840_xxaa/nrf_fprintf_format.c.o
                0x00029730                nrf_fprintf_fmt
 .text.nrf_memobj_pool_init
                0x00029cfc        0x4 _build/nrf52840_xxaa/nrf_memobj.c.o
                0x00029cfc                nrf_memobj_pool_init
 .text.nrf_memobj_alloc
                0x00029d00       0x94 _build/nrf52840_xxaa/nrf_memobj.c.o
                0x00029d00                nrf_memobj_alloc
 .text.nrf_memobj_free
                0x00029d94       0x3c _build/nrf52840_xxaa/nrf_memobj.c.o
                0x00029d94                nrf_memobj_free
 .text.nrf_memobj_get
                0x00029dd0        0x8 _build/nrf52840_xxaa/nrf_memobj.c.o
                0x00029dd0                nrf_memobj_get
 .text.nrf_memobj_put
                0x00029dd8       0x58 _build/nrf52840_xxaa/nrf_memobj.c.o
                0x00029dd8                nrf_memobj_put
 .text.nrf_memobj_write
                0x00029e30       0x68 _build/nrf52840_xxaa/nrf_memobj.c.o
                0x00029e30                nrf_memobj_write
 .text.nrf_memobj_read
                0x00029e98       0x68 _build/nrf52840_xxaa/nrf_memobj.c.o
                0x00029e98                nrf_memobj_read
 .text.sd_power_system_off
                0x00029f00        0x4 _build/nrf52840_xxaa/nrf_pwr_mgmt.c.o
 .text.sd_app_evt_wait
                0x00029f04        0x4 _build/nrf52840_xxaa/nrf_pwr_mgmt.c.o
 .text.nrf_pwr_mgmt_init
                0x00029f08       0x2c _build/nrf52840_xxaa/nrf_pwr_mgmt.c.o
                0x00029f08                nrf_pwr_mgmt_init
 .text.nrf_pwr_mgmt_run
                0x00029f34       0x54 _build/nrf52840_xxaa/nrf_pwr_mgmt.c.o
                0x00029f34                nrf_pwr_mgmt_run
 .text.nrf_pwr_mgmt_shutdown
                0x00029f88       0xc0 _build/nrf52840_xxaa/nrf_pwr_mgmt.c.o
                0x00029f88                nrf_pwr_mgmt_shutdown
 .text.nrf_queue_push
                0x0002a048       0xe8 _build/nrf52840_xxaa/nrf_queue.c.o
                0x0002a048                nrf_queue_push
 .text.nrf_queue_generic_pop
                0x0002a130       0xd8 _build/nrf52840_xxaa/nrf_queue.c.o
                0x0002a130                nrf_queue_generic_pop
 .text.nrf_queue_is_empty
                0x0002a208       0x10 _build/nrf52840_xxaa/nrf_queue.c.o
                0x0002a208                nrf_queue_is_empty
 .text.nrf_ringbuf_init
                0x0002a218       0x1c _build/nrf52840_xxaa/nrf_ringbuf.c.o
                0x0002a218                nrf_ringbuf_init
 .text.nrf_section_iter_init
                0x0002a234       0x14 _build/nrf52840_xxaa/nrf_section_iter.c.o
                0x0002a234                nrf_section_iter_init
 .text.nrf_section_iter_next
                0x0002a248       0x18 _build/nrf52840_xxaa/nrf_section_iter.c.o
                0x0002a248                nrf_section_iter_next
 .text.nrf_sortlist_add
                0x0002a260       0x28 _build/nrf52840_xxaa/nrf_sortlist.c.o
                0x0002a260                nrf_sortlist_add
 .text.nrf_sortlist_pop
                0x0002a288        0xc _build/nrf52840_xxaa/nrf_sortlist.c.o
                0x0002a288                nrf_sortlist_pop
 .text.nrf_sortlist_peek
                0x0002a294        0x8 _build/nrf52840_xxaa/nrf_sortlist.c.o
                0x0002a294                nrf_sortlist_peek
 .text.nrf_sortlist_remove
                0x0002a29c       0x1c _build/nrf52840_xxaa/nrf_sortlist.c.o
                0x0002a29c                nrf_sortlist_remove
 .text.nrf_strerror_get
                0x0002a2b8       0x50 _build/nrf52840_xxaa/nrf_strerror.c.o
                0x0002a2b8                nrf_strerror_get
 .text._write   0x0002a308       0x1c _build/nrf52840_xxaa/retarget.c.o
                0x0002a308                _write
 .text._read    0x0002a324       0x14 _build/nrf52840_xxaa/retarget.c.o
                0x0002a324                _read
 .text.SystemInit
                0x0002a338      0x254 _build/nrf52840_xxaa/system_nrf52840.c.o
                0x0002a338                SystemInit
 .text.bsp_board_led_state_get
                0x0002a58c       0x28 _build/nrf52840_xxaa/boards.c.o
                0x0002a58c                bsp_board_led_state_get
 .text.bsp_board_led_on
                0x0002a5b4       0x24 _build/nrf52840_xxaa/boards.c.o
                0x0002a5b4                bsp_board_led_on
 .text.bsp_board_led_off
                0x0002a5d8       0x24 _build/nrf52840_xxaa/boards.c.o
                0x0002a5d8                bsp_board_led_off
 .text.bsp_board_leds_off
                0x0002a5fc       0x2c _build/nrf52840_xxaa/boards.c.o
                0x0002a5fc                bsp_board_leds_off
 .text.bsp_board_leds_on
                0x0002a628       0x2c _build/nrf52840_xxaa/boards.c.o
                0x0002a628                bsp_board_leds_on
 .text.bsp_board_led_invert
                0x0002a654       0x34 _build/nrf52840_xxaa/boards.c.o
                0x0002a654                bsp_board_led_invert
 .text.bsp_board_button_state_get
                0x0002a688       0x28 _build/nrf52840_xxaa/boards.c.o
                0x0002a688                bsp_board_button_state_get
 .text.bsp_board_pin_to_button_idx
                0x0002a6b0       0x24 _build/nrf52840_xxaa/boards.c.o
                0x0002a6b0                bsp_board_pin_to_button_idx
 .text.bsp_board_button_idx_to_pin
                0x0002a6d4        0xc _build/nrf52840_xxaa/boards.c.o
                0x0002a6d4                bsp_board_button_idx_to_pin
 .text.bsp_board_init
                0x0002a6e0       0x5c _build/nrf52840_xxaa/boards.c.o
                0x0002a6e0                bsp_board_init
 .text.clock_irq_handler
                0x0002a73c       0x44 _build/nrf52840_xxaa/nrf_drv_clock.c.o
 .text.soc_evt_handler
                0x0002a780       0x28 _build/nrf52840_xxaa/nrf_drv_clock.c.o
 .text.sd_state_evt_handler
                0x0002a7a8       0xc8 _build/nrf52840_xxaa/nrf_drv_clock.c.o
 .text.uarte_evt_handler
                0x0002a870       0x34 _build/nrf52840_xxaa/nrf_drv_uart.c.o
 .text.uart_evt_handler
                0x0002a8a4       0x34 _build/nrf52840_xxaa/nrf_drv_uart.c.o
 .text.nrf_drv_uart_init
                0x0002a8d8       0x88 _build/nrf52840_xxaa/nrf_drv_uart.c.o
                0x0002a8d8                nrf_drv_uart_init
 .text.nrfx_clock_init
                0x0002a960       0x18 _build/nrf52840_xxaa/nrfx_clock.c.o
                0x0002a960                nrfx_clock_init
 .text.nrfx_clock_enable
                0x0002a978       0x24 _build/nrf52840_xxaa/nrfx_clock.c.o
                0x0002a978                nrfx_clock_enable
 .text.nrfx_clock_lfclk_stop
                0x0002a99c       0x38 _build/nrf52840_xxaa/nrfx_clock.c.o
                0x0002a99c                nrfx_clock_lfclk_stop
 .text.POWER_CLOCK_IRQHandler
                0x0002a9d4       0x6c _build/nrf52840_xxaa/nrfx_clock.c.o
                0x0002a9d4                POWER_CLOCK_IRQHandler
 .text.nrfx_gpiote_init
                0x0002aa40       0xb0 _build/nrf52840_xxaa/nrfx_gpiote.c.o
                0x0002aa40                nrfx_gpiote_init
 .text.nrfx_gpiote_is_init
                0x0002aaf0       0x14 _build/nrf52840_xxaa/nrfx_gpiote.c.o
                0x0002aaf0                nrfx_gpiote_is_init
 .text.nrfx_gpiote_in_init
                0x0002ab04      0x1e4 _build/nrf52840_xxaa/nrfx_gpiote.c.o
                0x0002ab04                nrfx_gpiote_in_init
 .text.nrfx_gpiote_in_event_enable
                0x0002ace8       0xd8 _build/nrf52840_xxaa/nrfx_gpiote.c.o
                0x0002ace8                nrfx_gpiote_in_event_enable
 .text.nrfx_gpiote_in_is_set
                0x0002adc0       0x20 _build/nrf52840_xxaa/nrfx_gpiote.c.o
                0x0002adc0                nrfx_gpiote_in_is_set
 .text.GPIOTE_IRQHandler
                0x0002ade0      0x500 _build/nrf52840_xxaa/nrfx_gpiote.c.o
                0x0002ade0                GPIOTE_IRQHandler
 .text.UARTE0_UART0_IRQHandler
                0x0002b2e0        0xc _build/nrf52840_xxaa/nrfx_prs.c.o
                0x0002b2e0                UARTE0_UART0_IRQHandler
 .text.nrfx_prs_acquire
                0x0002b2ec       0x50 _build/nrf52840_xxaa/nrfx_prs.c.o
                0x0002b2ec                nrfx_prs_acquire
 .text.nrfx_uart_0_irq_handler
                0x0002b33c      0x1c4 _build/nrf52840_xxaa/nrfx_uart.c.o
                0x0002b33c                nrfx_uart_0_irq_handler
 .text.nrfx_uart_init
                0x0002b500      0x1f0 _build/nrf52840_xxaa/nrfx_uart.c.o
                0x0002b500                nrfx_uart_init
 .text.nrfx_uart_tx
                0x0002b6f0       0xd0 _build/nrf52840_xxaa/nrfx_uart.c.o
                0x0002b6f0                nrfx_uart_tx
 .text.nrfx_uart_tx_in_progress
                0x0002b7c0       0x18 _build/nrf52840_xxaa/nrfx_uart.c.o
                0x0002b7c0                nrfx_uart_tx_in_progress
 .text.nrfx_uart_rx
                0x0002b7d8      0x148 _build/nrf52840_xxaa/nrfx_uart.c.o
                0x0002b7d8                nrfx_uart_rx
 .text.nrfx_uarte_0_irq_handler
                0x0002b920      0x168 _build/nrf52840_xxaa/nrfx_uarte.c.o
                0x0002b920                nrfx_uarte_0_irq_handler
 .text.nrfx_uarte_init
                0x0002ba88      0x228 _build/nrf52840_xxaa/nrfx_uarte.c.o
                0x0002ba88                nrfx_uarte_init
 .text.nrfx_uarte_tx
                0x0002bcb0       0xb4 _build/nrf52840_xxaa/nrfx_uarte.c.o
                0x0002bcb0                nrfx_uarte_tx
 .text.nrfx_uarte_tx_in_progress
                0x0002bd64       0x1c _build/nrf52840_xxaa/nrfx_uarte.c.o
                0x0002bd64                nrfx_uarte_tx_in_progress
 .text.nrfx_uarte_rx
                0x0002bd80      0x130 _build/nrf52840_xxaa/nrfx_uarte.c.o
                0x0002bd80                nrfx_uarte_rx
 .text.alert_timer_handler
                0x0002beb0        0x8 _build/nrf52840_xxaa/bsp.c.o
 .text.bsp_button_event_handler
                0x0002beb8       0xa4 _build/nrf52840_xxaa/bsp.c.o
 .text.button_timer_handler
                0x0002bf5c       0x30 _build/nrf52840_xxaa/bsp.c.o
 .text.bsp_led_indication
                0x0002bf8c      0x318 _build/nrf52840_xxaa/bsp.c.o
 .text.leds_timer_handler
                0x0002c2a4       0x1c _build/nrf52840_xxaa/bsp.c.o
 .text.bsp_button_is_pressed
                0x0002c2c0        0xc _build/nrf52840_xxaa/bsp.c.o
                0x0002c2c0                bsp_button_is_pressed
 .text.bsp_indication_set
                0x0002c2cc       0x18 _build/nrf52840_xxaa/bsp.c.o
                0x0002c2cc                bsp_indication_set
 .text.bsp_init
                0x0002c2e4       0xbc _build/nrf52840_xxaa/bsp.c.o
                0x0002c2e4                bsp_init
 .text.bsp_event_to_button_action_assign
                0x0002c3a0       0x54 _build/nrf52840_xxaa/bsp.c.o
                0x0002c3a0                bsp_event_to_button_action_assign
 .text.bsp_wakeup_button_enable
                0x0002c3f4       0x40 _build/nrf52840_xxaa/bsp.c.o
                0x0002c3f4                bsp_wakeup_button_enable
 .text.ble_evt_handler
                0x0002c434       0xac _build/nrf52840_xxaa/bsp_btn_ble.c.o
 .text.bsp_btn_ble_sleep_mode_prepare
                0x0002c4e0       0x24 _build/nrf52840_xxaa/bsp_btn_ble.c.o
                0x0002c4e0                bsp_btn_ble_sleep_mode_prepare
 .text.bsp_btn_ble_init
                0x0002c504       0x6c _build/nrf52840_xxaa/bsp_btn_ble.c.o
                0x0002c504                bsp_btn_ble_init
 .text.sd_ble_gap_conn_param_update
                0x0002c570        0x4 _build/nrf52840_xxaa/main.c.o
 .text.sd_ble_gap_disconnect
                0x0002c574        0x4 _build/nrf52840_xxaa/main.c.o
 .text.sd_ble_gap_sec_params_reply
                0x0002c578        0x4 _build/nrf52840_xxaa/main.c.o
 .text.sd_ble_gap_phy_update
                0x0002c57c        0x4 _build/nrf52840_xxaa/main.c.o
 .text.nus_error_handler
                0x0002c580        0x4 _build/nrf52840_xxaa/main.c.o
 .text.db_disc_handler
                0x0002c584        0xc _build/nrf52840_xxaa/main.c.o
 .text.ble_evt_handler
                0x0002c590      0x118 _build/nrf52840_xxaa/main.c.o
 .text.uart_event_handle
                0x0002c6a8       0xa8 _build/nrf52840_xxaa/main.c.o
                0x0002c6a8                uart_event_handle
 .text.shutdown_handler
                0x0002c750       0x2c _build/nrf52840_xxaa/main.c.o
 .text.gatt_evt_handler
                0x0002c77c       0x58 _build/nrf52840_xxaa/main.c.o
                0x0002c77c                gatt_evt_handler
 .text.bsp_event_handler
                0x0002c7d4       0x30 _build/nrf52840_xxaa/main.c.o
                0x0002c7d4                bsp_event_handler
 .text.scan_evt_handler
                0x0002c804       0x94 _build/nrf52840_xxaa/main.c.o
 .text.ble_nus_c_evt_handler
                0x0002c898      0x15c _build/nrf52840_xxaa/main.c.o
 .text.gatt_init
                0x0002c9f4       0x38 _build/nrf52840_xxaa/main.c.o
                0x0002c9f4                gatt_init
 .text.startup.main
                0x0002ca2c      0x204 _build/nrf52840_xxaa/main.c.o
                0x0002ca2c                main
 .text.SEGGER_RTT_WriteNoLock
                0x0002cc30      0x1bc _build/nrf52840_xxaa/SEGGER_RTT.c.o
                0x0002cc30                SEGGER_RTT_WriteNoLock
 .text.SEGGER_RTT_Init
                0x0002cdec       0x60 _build/nrf52840_xxaa/SEGGER_RTT.c.o
                0x0002cdec                SEGGER_RTT_Init
 .text.sd_ble_uuid_encode
                0x0002ce4c        0x4 _build/nrf52840_xxaa/ble_advdata.c.o
 .text.ble_advdata_uuid_find
                0x0002ce50       0xfc _build/nrf52840_xxaa/ble_advdata.c.o
                0x0002ce50                ble_advdata_uuid_find
 .text.discovery_complete_evt_trigger
                0x0002cf4c      0x1b4 _build/nrf52840_xxaa/ble_db_discovery.c.o
 .text.descriptors_discover
                0x0002d100       0xe8 _build/nrf52840_xxaa/ble_db_discovery.c.o
 .text.discovery_error_handler
                0x0002d1e8      0x110 _build/nrf52840_xxaa/ble_db_discovery.c.o
 .text.on_srv_disc_completion
                0x0002d2f8      0x1ac _build/nrf52840_xxaa/ble_db_discovery.c.o
 .text.ble_db_discovery_init
                0x0002d4a4       0x38 _build/nrf52840_xxaa/ble_db_discovery.c.o
                0x0002d4a4                ble_db_discovery_init
 .text.ble_db_discovery_evt_register
                0x0002d4dc       0xcc _build/nrf52840_xxaa/ble_db_discovery.c.o
                0x0002d4dc                ble_db_discovery_evt_register
 .text.ble_db_discovery_start
                0x0002d5a8       0xa4 _build/nrf52840_xxaa/ble_db_discovery.c.o
                0x0002d5a8                ble_db_discovery_start
 .text.ble_db_discovery_on_ble_evt
                0x0002d64c      0x7b0 _build/nrf52840_xxaa/ble_db_discovery.c.o
                0x0002d64c                ble_db_discovery_on_ble_evt
 .text.sd_ble_gap_data_length_update
                0x0002ddfc        0x4 _build/nrf52840_xxaa/nrf_ble_gatt.c.o
 .text.sd_ble_gattc_exchange_mtu_request
                0x0002de00        0x4 _build/nrf52840_xxaa/nrf_ble_gatt.c.o
 .text.sd_ble_gatts_exchange_mtu_reply
                0x0002de04        0x4 _build/nrf52840_xxaa/nrf_ble_gatt.c.o
 .text.data_length_update.constprop.0
                0x0002de08       0x8c _build/nrf52840_xxaa/nrf_ble_gatt.c.o
 .text.nrf_ble_gatt_init
                0x0002de94       0x30 _build/nrf52840_xxaa/nrf_ble_gatt.c.o
                0x0002de94                nrf_ble_gatt_init
 .text.nrf_ble_gatt_att_mtu_central_set
                0x0002dec4       0x18 _build/nrf52840_xxaa/nrf_ble_gatt.c.o
                0x0002dec4                nrf_ble_gatt_att_mtu_central_set
 .text.nrf_ble_gatt_on_ble_evt
                0x0002dedc      0x1c8 _build/nrf52840_xxaa/nrf_ble_gatt.c.o
                0x0002dedc                nrf_ble_gatt_on_ble_evt
 .text.sd_ble_gattc_primary_services_discover
                0x0002e0a4        0x4 _build/nrf52840_xxaa/nrf_ble_gq.c.o
 .text.sd_ble_gattc_characteristics_discover
                0x0002e0a8        0x4 _build/nrf52840_xxaa/nrf_ble_gq.c.o
 .text.sd_ble_gattc_descriptors_discover
                0x0002e0ac        0x4 _build/nrf52840_xxaa/nrf_ble_gq.c.o
 .text.sd_ble_gattc_read
                0x0002e0b0        0x4 _build/nrf52840_xxaa/nrf_ble_gq.c.o
 .text.sd_ble_gattc_write
                0x0002e0b4        0x4 _build/nrf52840_xxaa/nrf_ble_gq.c.o
 .text.sd_ble_gatts_hvx
                0x0002e0b8        0x4 _build/nrf52840_xxaa/nrf_ble_gq.c.o
 .text.gatts_hvx_alloc
                0x0002e0bc       0x3c _build/nrf52840_xxaa/nrf_ble_gq.c.o
 .text.gattc_write_alloc
                0x0002e0f8       0x28 _build/nrf52840_xxaa/nrf_ble_gq.c.o
 .text.queues_purge.isra.0
                0x0002e120       0x70 _build/nrf52840_xxaa/nrf_ble_gq.c.o
 .text.queue_process
                0x0002e190      0x17c _build/nrf52840_xxaa/nrf_ble_gq.c.o
 .text.nrf_ble_gq_item_add
                0x0002e30c      0x1c0 _build/nrf52840_xxaa/nrf_ble_gq.c.o
                0x0002e30c                nrf_ble_gq_item_add
 .text.nrf_ble_gq_conn_handle_register
                0x0002e4cc       0x9c _build/nrf52840_xxaa/nrf_ble_gq.c.o
                0x0002e4cc                nrf_ble_gq_conn_handle_register
 .text.nrf_ble_gq_on_ble_evt
                0x0002e568       0x94 _build/nrf52840_xxaa/nrf_ble_gq.c.o
                0x0002e568                nrf_ble_gq_on_ble_evt
 .text.sd_ble_gap_scan_start
                0x0002e5fc        0x4 _build/nrf52840_xxaa/nrf_ble_scan.c.o
 .text.sd_ble_gap_scan_stop
                0x0002e600        0x4 _build/nrf52840_xxaa/nrf_ble_scan.c.o
 .text.sd_ble_gap_connect
                0x0002e604        0x4 _build/nrf52840_xxaa/nrf_ble_scan.c.o
 .text.nrf_ble_scan_filter_set
                0x0002e608       0x3c _build/nrf52840_xxaa/nrf_ble_scan.c.o
                0x0002e608                nrf_ble_scan_filter_set
 .text.nrf_ble_scan_filters_enable
                0x0002e644       0x20 _build/nrf52840_xxaa/nrf_ble_scan.c.o
                0x0002e644                nrf_ble_scan_filters_enable
 .text.nrf_ble_scan_init
                0x0002e664       0xac _build/nrf52840_xxaa/nrf_ble_scan.c.o
                0x0002e664                nrf_ble_scan_init
 .text.nrf_ble_scan_start
                0x0002e710       0x74 _build/nrf52840_xxaa/nrf_ble_scan.c.o
                0x0002e710                nrf_ble_scan_start
 .text.nrf_ble_scan_on_ble_evt
                0x0002e784      0x1e8 _build/nrf52840_xxaa/nrf_ble_scan.c.o
                0x0002e784                nrf_ble_scan_on_ble_evt
 .text.sd_ble_uuid_vs_add
                0x0002e96c        0x4 _build/nrf52840_xxaa/ble_nus_c.c.o
 .text.gatt_error_handler
                0x0002e970        0x8 _build/nrf52840_xxaa/ble_nus_c.c.o
 .text.ble_nus_c_on_db_disc_evt
                0x0002e978       0x90 _build/nrf52840_xxaa/ble_nus_c.c.o
                0x0002e978                ble_nus_c_on_db_disc_evt
 .text.ble_nus_c_init
                0x0002ea08       0x60 _build/nrf52840_xxaa/ble_nus_c.c.o
                0x0002ea08                ble_nus_c_init
 .text.ble_nus_c_on_ble_evt
                0x0002ea68       0x6c _build/nrf52840_xxaa/ble_nus_c.c.o
                0x0002ea68                ble_nus_c_on_ble_evt
 .text.ble_nus_c_tx_notif_enable
                0x0002ead4       0x64 _build/nrf52840_xxaa/ble_nus_c.c.o
                0x0002ead4                ble_nus_c_tx_notif_enable
 .text.ble_nus_c_string_send
                0x0002eb38       0xa0 _build/nrf52840_xxaa/ble_nus_c.c.o
                0x0002eb38                ble_nus_c_string_send
 .text.ble_nus_c_handles_assign
                0x0002ebd8       0x1c _build/nrf52840_xxaa/ble_nus_c.c.o
                0x0002ebd8                ble_nus_c_handles_assign
 .text.sd_softdevice_enable
                0x0002ebf4        0x4 _build/nrf52840_xxaa/nrf_sdh.c.o
 .text.nrf_sdh_enable_request
                0x0002ebf8      0x118 _build/nrf52840_xxaa/nrf_sdh.c.o
                0x0002ebf8                nrf_sdh_enable_request
 .text.nrf_sdh_is_enabled
                0x0002ed10        0xc _build/nrf52840_xxaa/nrf_sdh.c.o
                0x0002ed10                nrf_sdh_is_enabled
 .text.SWI2_EGU2_IRQHandler
                0x0002ed1c       0x2c _build/nrf52840_xxaa/nrf_sdh.c.o
                0x0002ed1c                SWI2_EGU2_IRQHandler
 .text.sd_ble_enable
                0x0002ed48        0x4 _build/nrf52840_xxaa/nrf_sdh_ble.c.o
 .text.sd_ble_cfg_set
                0x0002ed4c        0x4 _build/nrf52840_xxaa/nrf_sdh_ble.c.o
 .text.sd_ble_evt_get
                0x0002ed50        0x4 _build/nrf52840_xxaa/nrf_sdh_ble.c.o
 .text.nrf_sdh_ble_evts_poll.part.0
                0x0002ed54       0x54 _build/nrf52840_xxaa/nrf_sdh_ble.c.o
 .text.nrf_sdh_ble_evts_poll
                0x0002eda8       0x10 _build/nrf52840_xxaa/nrf_sdh_ble.c.o
 .text.nrf_sdh_ble_default_cfg_set
                0x0002edb8      0x1c0 _build/nrf52840_xxaa/nrf_sdh_ble.c.o
                0x0002edb8                nrf_sdh_ble_default_cfg_set
 .text.nrf_sdh_ble_enable
                0x0002ef78       0xa0 _build/nrf52840_xxaa/nrf_sdh_ble.c.o
                0x0002ef78                nrf_sdh_ble_enable
 .text.sd_evt_get
                0x0002f018        0x4 _build/nrf52840_xxaa/nrf_sdh_soc.c.o
 .text.nrf_sdh_soc_evts_poll
                0x0002f01c       0x4c _build/nrf52840_xxaa/nrf_sdh_soc.c.o
 .text.exit     0x0002f068       0x28 c:/program files (x86)/gnu arm embedded toolchain/9 2020-q2-update/bin/../lib/gcc/arm-none-eabi/9.3.1/../../../../arm-none-eabi/lib/thumb/v7e-m+fp/hard\libc_nano.a(lib_a-exit.o)
                0x0002f068                exit
 .text.__libc_init_array
                0x0002f090       0x48 c:/program files (x86)/gnu arm embedded toolchain/9 2020-q2-update/bin/../lib/gcc/arm-none-eabi/9.3.1/../../../../arm-none-eabi/lib/thumb/v7e-m+fp/hard\libc_nano.a(lib_a-init.o)
                0x0002f090                __libc_init_array
 .text.memcmp   0x0002f0d8       0x1c c:/program files (x86)/gnu arm embedded toolchain/9 2020-q2-update/bin/../lib/gcc/arm-none-eabi/9.3.1/../../../../arm-none-eabi/lib/thumb/v7e-m+fp/hard\libc_nano.a(lib_a-memcmp.o)
                0x0002f0d8                memcmp
 .text.memcpy   0x0002f0f4       0x1c c:/program files (x86)/gnu arm embedded toolchain/9 2020-q2-update/bin/../lib/gcc/arm-none-eabi/9.3.1/../../../../arm-none-eabi/lib/thumb/v7e-m+fp/hard\libc_nano.a(lib_a-memcpy-stub.o)
                0x0002f0f4                memcpy
 .text.memset   0x0002f110       0x10 c:/program files (x86)/gnu arm embedded toolchain/9 2020-q2-update/bin/../lib/gcc/arm-none-eabi/9.3.1/../../../../arm-none-eabi/lib/thumb/v7e-m+fp/hard\libc_nano.a(lib_a-memset.o)
                0x0002f110                memset
 .text.printf   0x0002f120       0x30 c:/program files (x86)/gnu arm embedded toolchain/9 2020-q2-update/bin/../lib/gcc/arm-none-eabi/9.3.1/../../../../arm-none-eabi/lib/thumb/v7e-m+fp/hard\libc_nano.a(lib_a-printf.o)
                0x0002f120                iprintf
                0x0002f120                printf
 .text.strcpy   0x0002f150       0x10 c:/program files (x86)/gnu arm embedded toolchain/9 2020-q2-update/bin/../lib/gcc/arm-none-eabi/9.3.1/../../../../arm-none-eabi/lib/thumb/v7e-m+fp/hard\libc_nano.a(lib_a-strcpy.o)
                0x0002f150                strcpy
 .text          0x0002f160       0x10 c:/program files (x86)/gnu arm embedded toolchain/9 2020-q2-update/bin/../lib/gcc/arm-none-eabi/9.3.1/../../../../arm-none-eabi/lib/thumb/v7e-m+fp/hard\libc_nano.a(lib_a-strlen.o)
                0x0002f160                strlen
 .text.std      0x0002f170       0x48 c:/program files (x86)/gnu arm embedded toolchain/9 2020-q2-update/bin/../lib/gcc/arm-none-eabi/9.3.1/../../../../arm-none-eabi/lib/thumb/v7e-m+fp/hard\libc_nano.a(lib_a-findfp.o)
 .text._cleanup_r
                0x0002f1b8        0xc c:/program files (x86)/gnu arm embedded toolchain/9 2020-q2-update/bin/../lib/gcc/arm-none-eabi/9.3.1/../../../../arm-none-eabi/lib/thumb/v7e-m+fp/hard\libc_nano.a(lib_a-findfp.o)
                0x0002f1b8                _cleanup_r
 .text.__sfmoreglue
                0x0002f1c4       0x2c c:/program files (x86)/gnu arm embedded toolchain/9 2020-q2-update/bin/../lib/gcc/arm-none-eabi/9.3.1/../../../../arm-none-eabi/lib/thumb/v7e-m+fp/hard\libc_nano.a(lib_a-findfp.o)
                0x0002f1c4                __sfmoreglue
 .text.__sfp_lock_acquire
                0x0002f1f0        0xc c:/program files (x86)/gnu arm embedded toolchain/9 2020-q2-update/bin/../lib/gcc/arm-none-eabi/9.3.1/../../../../arm-none-eabi/lib/thumb/v7e-m+fp/hard\libc_nano.a(lib_a-findfp.o)
                0x0002f1f0                __sfp_lock_acquire
 .text.__sfp_lock_release
                0x0002f1fc        0xc c:/program files (x86)/gnu arm embedded toolchain/9 2020-q2-update/bin/../lib/gcc/arm-none-eabi/9.3.1/../../../../arm-none-eabi/lib/thumb/v7e-m+fp/hard\libc_nano.a(lib_a-findfp.o)
                0x0002f1fc                __sfp_lock_release
 .text.__sinit_lock_acquire
                0x0002f208        0xc c:/program files (x86)/gnu arm embedded toolchain/9 2020-q2-update/bin/../lib/gcc/arm-none-eabi/9.3.1/../../../../arm-none-eabi/lib/thumb/v7e-m+fp/hard\libc_nano.a(lib_a-findfp.o)
                0x0002f208                __sinit_lock_acquire
 .text.__sinit_lock_release
                0x0002f214        0xc c:/program files (x86)/gnu arm embedded toolchain/9 2020-q2-update/bin/../lib/gcc/arm-none-eabi/9.3.1/../../../../arm-none-eabi/lib/thumb/v7e-m+fp/hard\libc_nano.a(lib_a-findfp.o)
                0x0002f214                __sinit_lock_release
 .text.__sinit  0x0002f220       0x70 c:/program files (x86)/gnu arm embedded toolchain/9 2020-q2-update/bin/../lib/gcc/arm-none-eabi/9.3.1/../../../../arm-none-eabi/lib/thumb/v7e-m+fp/hard\libc_nano.a(lib_a-findfp.o)
                0x0002f220                __sinit
 .text.__sfp    0x0002f290       0x8c c:/program files (x86)/gnu arm embedded toolchain/9 2020-q2-update/bin/../lib/gcc/arm-none-eabi/9.3.1/../../../../arm-none-eabi/lib/thumb/v7e-m+fp/hard\libc_nano.a(lib_a-findfp.o)
                0x0002f290                __sfp
 .text._fwalk_reent
                0x0002f31c       0x3e c:/program files (x86)/gnu arm embedded toolchain/9 2020-q2-update/bin/../lib/gcc/arm-none-eabi/9.3.1/../../../../arm-none-eabi/lib/thumb/v7e-m+fp/hard\libc_nano.a(lib_a-fwalk.o)
                0x0002f31c                _fwalk_reent
 .text.__retarget_lock_init_recursive
                0x0002f35a        0x2 c:/program files (x86)/gnu arm embedded toolchain/9 2020-q2-update/bin/../lib/gcc/arm-none-eabi/9.3.1/../../../../arm-none-eabi/lib/thumb/v7e-m+fp/hard\libc_nano.a(lib_a-lock.o)
                0x0002f35a                __retarget_lock_init_recursive
 .text.__retarget_lock_acquire_recursive
                0x0002f35c        0x2 c:/program files (x86)/gnu arm embedded toolchain/9 2020-q2-update/bin/../lib/gcc/arm-none-eabi/9.3.1/../../../../arm-none-eabi/lib/thumb/v7e-m+fp/hard\libc_nano.a(lib_a-lock.o)
                0x0002f35c                __retarget_lock_acquire_recursive
 .text.__retarget_lock_release_recursive
                0x0002f35e        0x2 c:/program files (x86)/gnu arm embedded toolchain/9 2020-q2-update/bin/../lib/gcc/arm-none-eabi/9.3.1/../../../../arm-none-eabi/lib/thumb/v7e-m+fp/hard\libc_nano.a(lib_a-lock.o)
                0x0002f35e                __retarget_lock_release_recursive
 .text._malloc_r
                0x0002f360       0xb4 c:/program files (x86)/gnu arm embedded toolchain/9 2020-q2-update/bin/../lib/gcc/arm-none-eabi/9.3.1/../../../../arm-none-eabi/lib/thumb/v7e-m+fp/hard\libc_nano.a(lib_a-nano-mallocr.o)
                0x0002f360                _malloc_r
 .text.__sfputc_r
                0x0002f414       0x2e c:/program files (x86)/gnu arm embedded toolchain/9 2020-q2-update/bin/../lib/gcc/arm-none-eabi/9.3.1/../../../../arm-none-eabi/lib/thumb/v7e-m+fp/hard\libc_nano.a(lib_a-nano-vfprintf.o)
 .text.__sfputs_r
                0x0002f442       0x24 c:/program files (x86)/gnu arm embedded toolchain/9 2020-q2-update/bin/../lib/gcc/arm-none-eabi/9.3.1/../../../../arm-none-eabi/lib/thumb/v7e-m+fp/hard\libc_nano.a(lib_a-nano-vfprintf.o)
                0x0002f442                __sfputs_r
 *fill*         0x0002f466        0x2 
 .text._vfprintf_r
                0x0002f468      0x260 c:/program files (x86)/gnu arm embedded toolchain/9 2020-q2-update/bin/../lib/gcc/arm-none-eabi/9.3.1/../../../../arm-none-eabi/lib/thumb/v7e-m+fp/hard\libc_nano.a(lib_a-nano-vfprintf.o)
                0x0002f468                _vfprintf_r
                0x0002f468                _vfiprintf_r
 .text._printf_common
                0x0002f6c8       0xda c:/program files (x86)/gnu arm embedded toolchain/9 2020-q2-update/bin/../lib/gcc/arm-none-eabi/9.3.1/../../../../arm-none-eabi/lib/thumb/v7e-m+fp/hard\libc_nano.a(lib_a-nano-vfprintf_i.o)
                0x0002f6c8                _printf_common
 *fill*         0x0002f7a2        0x2 
 .text._printf_i
                0x0002f7a4      0x24c c:/program files (x86)/gnu arm embedded toolchain/9 2020-q2-update/bin/../lib/gcc/arm-none-eabi/9.3.1/../../../../arm-none-eabi/lib/thumb/v7e-m+fp/hard\libc_nano.a(lib_a-nano-vfprintf_i.o)
                0x0002f7a4                _printf_i
 .text._sbrk_r  0x0002f9f0       0x20 c:/program files (x86)/gnu arm embedded toolchain/9 2020-q2-update/bin/../lib/gcc/arm-none-eabi/9.3.1/../../../../arm-none-eabi/lib/thumb/v7e-m+fp/hard\libc_nano.a(lib_a-sbrkr.o)
                0x0002f9f0                _sbrk_r
 .text.__sread  0x0002fa10       0x22 c:/program files (x86)/gnu arm embedded toolchain/9 2020-q2-update/bin/../lib/gcc/arm-none-eabi/9.3.1/../../../../arm-none-eabi/lib/thumb/v7e-m+fp/hard\libc_nano.a(lib_a-stdio.o)
                0x0002fa10                __sread
 .text.__swrite
                0x0002fa32       0x38 c:/program files (x86)/gnu arm embedded toolchain/9 2020-q2-update/bin/../lib/gcc/arm-none-eabi/9.3.1/../../../../arm-none-eabi/lib/thumb/v7e-m+fp/hard\libc_nano.a(lib_a-stdio.o)
                0x0002fa32                __swrite
 .text.__sseek  0x0002fa6a       0x24 c:/program files (x86)/gnu arm embedded toolchain/9 2020-q2-update/bin/../lib/gcc/arm-none-eabi/9.3.1/../../../../arm-none-eabi/lib/thumb/v7e-m+fp/hard\libc_nano.a(lib_a-stdio.o)
                0x0002fa6a                __sseek
 .text.__sclose
                0x0002fa8e        0x8 c:/program files (x86)/gnu arm embedded toolchain/9 2020-q2-update/bin/../lib/gcc/arm-none-eabi/9.3.1/../../../../arm-none-eabi/lib/thumb/v7e-m+fp/hard\libc_nano.a(lib_a-stdio.o)
                0x0002fa8e                __sclose
 *fill*         0x0002fa96        0x2 
 .text.__swbuf_r
                0x0002fa98       0xa4 c:/program files (x86)/gnu arm embedded toolchain/9 2020-q2-update/bin/../lib/gcc/arm-none-eabi/9.3.1/../../../../arm-none-eabi/lib/thumb/v7e-m+fp/hard\libc_nano.a(lib_a-wbuf.o)
                0x0002fa98                __swbuf_r
 .text._write_r
                0x0002fb3c       0x24 c:/program files (x86)/gnu arm embedded toolchain/9 2020-q2-update/bin/../lib/gcc/arm-none-eabi/9.3.1/../../../../arm-none-eabi/lib/thumb/v7e-m+fp/hard\libc_nano.a(lib_a-writer.o)
                0x0002fb3c                _write_r
 .text.__swsetup_r
                0x0002fb60       0xdc c:/program files (x86)/gnu arm embedded toolchain/9 2020-q2-update/bin/../lib/gcc/arm-none-eabi/9.3.1/../../../../arm-none-eabi/lib/thumb/v7e-m+fp/hard\libc_nano.a(lib_a-wsetup.o)
                0x0002fb60                __swsetup_r
 .text._close_r
                0x0002fc3c       0x20 c:/program files (x86)/gnu arm embedded toolchain/9 2020-q2-update/bin/../lib/gcc/arm-none-eabi/9.3.1/../../../../arm-none-eabi/lib/thumb/v7e-m+fp/hard\libc_nano.a(lib_a-closer.o)
                0x0002fc3c                _close_r
 .text.__sflush_r
                0x0002fc5c      0x10c c:/program files (x86)/gnu arm embedded toolchain/9 2020-q2-update/bin/../lib/gcc/arm-none-eabi/9.3.1/../../../../arm-none-eabi/lib/thumb/v7e-m+fp/hard\libc_nano.a(lib_a-fflush.o)
                0x0002fc5c                __sflush_r
 .text._fflush_r
                0x0002fd68       0x78 c:/program files (x86)/gnu arm embedded toolchain/9 2020-q2-update/bin/../lib/gcc/arm-none-eabi/9.3.1/../../../../arm-none-eabi/lib/thumb/v7e-m+fp/hard\libc_nano.a(lib_a-fflush.o)
                0x0002fd68                _fflush_r
 .text._lseek_r
                0x0002fde0       0x24 c:/program files (x86)/gnu arm embedded toolchain/9 2020-q2-update/bin/../lib/gcc/arm-none-eabi/9.3.1/../../../../arm-none-eabi/lib/thumb/v7e-m+fp/hard\libc_nano.a(lib_a-lseekr.o)
                0x0002fde0                _lseek_r
 .text.__swhatbuf_r
                0x0002fe04       0x48 c:/program files (x86)/gnu arm embedded toolchain/9 2020-q2-update/bin/../lib/gcc/arm-none-eabi/9.3.1/../../../../arm-none-eabi/lib/thumb/v7e-m+fp/hard\libc_nano.a(lib_a-makebuf.o)
                0x0002fe04                __swhatbuf_r
 .text.__smakebuf_r
                0x0002fe4c       0x80 c:/program files (x86)/gnu arm embedded toolchain/9 2020-q2-update/bin/../lib/gcc/arm-none-eabi/9.3.1/../../../../arm-none-eabi/lib/thumb/v7e-m+fp/hard\libc_nano.a(lib_a-makebuf.o)
                0x0002fe4c                __smakebuf_r
 *fill*         0x0002fecc        0x4 
 .text          0x0002fed0       0xa0 c:/program files (x86)/gnu arm embedded toolchain/9 2020-q2-update/bin/../lib/gcc/arm-none-eabi/9.3.1/../../../../arm-none-eabi/lib/thumb/v7e-m+fp/hard\libc_nano.a(lib_a-memchr.o)
                0x0002fed0                memchr
 .text.__malloc_lock
                0x0002ff70        0xc c:/program files (x86)/gnu arm embedded toolchain/9 2020-q2-update/bin/../lib/gcc/arm-none-eabi/9.3.1/../../../../arm-none-eabi/lib/thumb/v7e-m+fp/hard\libc_nano.a(lib_a-mlock.o)
                0x0002ff70                __malloc_lock
 .text.__malloc_unlock
                0x0002ff7c        0xc c:/program files (x86)/gnu arm embedded toolchain/9 2020-q2-update/bin/../lib/gcc/arm-none-eabi/9.3.1/../../../../arm-none-eabi/lib/thumb/v7e-m+fp/hard\libc_nano.a(lib_a-mlock.o)
                0x0002ff7c                __malloc_unlock
 .text._free_r  0x0002ff88       0xa0 c:/program files (x86)/gnu arm embedded toolchain/9 2020-q2-update/bin/../lib/gcc/arm-none-eabi/9.3.1/../../../../arm-none-eabi/lib/thumb/v7e-m+fp/hard\libc_nano.a(lib_a-nano-freer.o)
                0x0002ff88                _free_r
 .text._read_r  0x00030028       0x24 c:/program files (x86)/gnu arm embedded toolchain/9 2020-q2-update/bin/../lib/gcc/arm-none-eabi/9.3.1/../../../../arm-none-eabi/lib/thumb/v7e-m+fp/hard\libc_nano.a(lib_a-readr.o)
                0x00030028                _read_r
 .text._fstat_r
                0x0003004c       0x24 c:/program files (x86)/gnu arm embedded toolchain/9 2020-q2-update/bin/../lib/gcc/arm-none-eabi/9.3.1/../../../../arm-none-eabi/lib/thumb/v7e-m+fp/hard\libc_nano.a(lib_a-fstatr.o)
                0x0003004c                _fstat_r
 .text._isatty_r
                0x00030070       0x20 c:/program files (x86)/gnu arm embedded toolchain/9 2020-q2-update/bin/../lib/gcc/arm-none-eabi/9.3.1/../../../../arm-none-eabi/lib/thumb/v7e-m+fp/hard\libc_nano.a(lib_a-isattyr.o)
                0x00030070                _isatty_r
 .text._close   0x00030090       0x10 c:/program files (x86)/gnu arm embedded toolchain/9 2020-q2-update/bin/../lib/gcc/arm-none-eabi/9.3.1/../../../../arm-none-eabi/lib/thumb/v7e-m+fp/hard\libnosys.a(close.o)
                0x00030090                _close
 .text._fstat   0x000300a0       0x10 c:/program files (x86)/gnu arm embedded toolchain/9 2020-q2-update/bin/../lib/gcc/arm-none-eabi/9.3.1/../../../../arm-none-eabi/lib/thumb/v7e-m+fp/hard\libnosys.a(fstat.o)
                0x000300a0                _fstat
 .text._isatty  0x000300b0       0x10 c:/program files (x86)/gnu arm embedded toolchain/9 2020-q2-update/bin/../lib/gcc/arm-none-eabi/9.3.1/../../../../arm-none-eabi/lib/thumb/v7e-m+fp/hard\libnosys.a(isatty.o)
                0x000300b0                _isatty
 .text._lseek   0x000300c0       0x10 c:/program files (x86)/gnu arm embedded toolchain/9 2020-q2-update/bin/../lib/gcc/arm-none-eabi/9.3.1/../../../../arm-none-eabi/lib/thumb/v7e-m+fp/hard\libnosys.a(lseek.o)
                0x000300c0                _lseek
 .text._sbrk    0x000300d0       0x1c c:/program files (x86)/gnu arm embedded toolchain/9 2020-q2-update/bin/../lib/gcc/arm-none-eabi/9.3.1/../../../../arm-none-eabi/lib/thumb/v7e-m+fp/hard\libnosys.a(sbrk.o)
                0x000300d0                _sbrk
 .text._exit    0x000300ec        0x4 c:/program files (x86)/gnu arm embedded toolchain/9 2020-q2-update/bin/../lib/gcc/arm-none-eabi/9.3.1/../../../../arm-none-eabi/lib/thumb/v7e-m+fp/hard\libnosys.a(_exit.o)
                0x000300ec                _exit
 .text          0x000300f0       0x30 c:/program files (x86)/gnu arm embedded toolchain/9 2020-q2-update/bin/../lib/gcc/arm-none-eabi/9.3.1/thumb/v7e-m+fp/hard\libgcc.a(_aeabi_uldivmod.o)
                0x000300f0                __aeabi_uldivmod
 .text          0x00030120      0x2c4 c:/program files (x86)/gnu arm embedded toolchain/9 2020-q2-update/bin/../lib/gcc/arm-none-eabi/9.3.1/thumb/v7e-m+fp/hard\libgcc.a(_udivmoddi4.o)
                0x00030120                __udivmoddi4
 .text          0x000303e4        0x4 c:/program files (x86)/gnu arm embedded toolchain/9 2020-q2-update/bin/../lib/gcc/arm-none-eabi/9.3.1/thumb/v7e-m+fp/hard\libgcc.a(_dvmd_tls.o)
                0x000303e4                __aeabi_idiv0
                0x000303e4                __aeabi_ldiv0
 *(.init)
 .init          0x000303e8        0x4 c:/program files (x86)/gnu arm embedded toolchain/9 2020-q2-update/bin/../lib/gcc/arm-none-eabi/9.3.1/thumb/v7e-m+fp/hard/crti.o
                0x000303e8                _init
 .init          0x000303ec        0x8 c:/program files (x86)/gnu arm embedded toolchain/9 2020-q2-update/bin/../lib/gcc/arm-none-eabi/9.3.1/thumb/v7e-m+fp/hard/crtn.o
 *(.fini)
 .fini          0x000303f4        0x4 c:/program files (x86)/gnu arm embedded toolchain/9 2020-q2-update/bin/../lib/gcc/arm-none-eabi/9.3.1/thumb/v7e-m+fp/hard/crti.o
                0x000303f4                _fini
 .fini          0x000303f8        0x8 c:/program files (x86)/gnu arm embedded toolchain/9 2020-q2-update/bin/../lib/gcc/arm-none-eabi/9.3.1/thumb/v7e-m+fp/hard/crtn.o
 *crtbegin.o(.ctors)
 *crtbegin?.o(.ctors)
 *(EXCLUDE_FILE(*crtend.o *crtend?.o) .ctors)
 *(SORT_BY_NAME(.ctors.*))
 *(.ctors)
 *crtbegin.o(.dtors)
 *crtbegin?.o(.dtors)
 *(EXCLUDE_FILE(*crtend.o *crtend?.o) .dtors)
 *(SORT_BY_NAME(.dtors.*))
 *(.dtors)
 *(.rodata*)
 .rodata.delay_machine_code.9523
                0x00030400        0x6 _build/nrf52840_xxaa/nrf_log_backend_rtt.c.o
 *fill*         0x00030406        0x2 
 .rodata.nrf_log_backend_rtt_api
                0x00030408        0xc _build/nrf52840_xxaa/nrf_log_backend_rtt.c.o
                0x00030408                nrf_log_backend_rtt_api
 .rodata.str1.4
                0x00030414       0x10 _build/nrf52840_xxaa/nrf_log_default_backends.c.o
 .rodata.nrf_log_frontend_dequeue.str1.4
                0x00030424       0x11 _build/nrf52840_xxaa/nrf_log_frontend.c.o
 *fill*         0x00030435        0x3 
 .rodata.str1.4
                0x00030438        0x4 _build/nrf52840_xxaa/nrf_log_frontend.c.o
 .rodata.m_log_push_ringbuf
                0x0003043c        0xc _build/nrf52840_xxaa/nrf_log_frontend.c.o
 .rodata.prefix_process.str1.4
                0x00030448       0x36 _build/nrf52840_xxaa/nrf_log_str_formatter.c.o
 *fill*         0x0003047e        0x2 
 .rodata.nrf_log_std_entry_process.str1.4
                0x00030480        0x3 _build/nrf52840_xxaa/nrf_log_str_formatter.c.o
 *fill*         0x00030483        0x1 
 .rodata.nrf_log_hexdump_entry_process.str1.4
                0x00030484       0x13 _build/nrf52840_xxaa/nrf_log_str_formatter.c.o
                                 0x16 (size before relaxing)
 *fill*         0x00030497        0x1 
 .rodata.str1.4
                0x00030498       0x56 _build/nrf52840_xxaa/nrf_log_str_formatter.c.o
 *fill*         0x000304ee        0x2 
 .rodata.m_colors
                0x000304f0       0x24 _build/nrf52840_xxaa/nrf_log_str_formatter.c.o
 .rodata.severity_names
                0x00030514       0x14 _build/nrf52840_xxaa/nrf_log_str_formatter.c.o
 .rodata.str1.4
                0x00030528        0xb _build/nrf52840_xxaa/app_button.c.o
 *fill*         0x00030533        0x1 
 .rodata.m_detection_delay_timer_id
                0x00030534        0x4 _build/nrf52840_xxaa/app_button.c.o
 .rodata.app_error_fault_handler.str1.4
                0x00030538       0x19 _build/nrf52840_xxaa/app_error_weak.c.o
 *fill*         0x00030551        0x3 
 .rodata.str1.4
                0x00030554        0xa _build/nrf52840_xxaa/app_timer2.c.o
 *fill*         0x0003055e        0x2 
 .rodata        0x00030560        0x4 _build/nrf52840_xxaa/app_timer2.c.o
 .rodata.m_app_timer_sortlist
                0x00030564        0xc _build/nrf52840_xxaa/app_timer2.c.o
 .rodata        0x00030570       0x20 _build/nrf52840_xxaa/app_uart_fifo.c.o
 .rodata.drv_rtc_init.str1.4
                0x00030590       0x36 _build/nrf52840_xxaa/drv_rtc.c.o
 *fill*         0x000305c6        0xa 
 .rodata.delay_machine_code.8847
                0x000305d0        0x6 _build/nrf52840_xxaa/drv_rtc.c.o
 *fill*         0x000305d6        0x2 
 .rodata._aV2C.7907
                0x000305d8       0x10 _build/nrf52840_xxaa/nrf_fprintf_format.c.o
 .rodata.str1.4
                0x000305e8        0x9 _build/nrf52840_xxaa/nrf_pwr_mgmt.c.o
 *fill*         0x000305f1        0x3 
 .rodata.pwr_mgmt_data
                0x000305f4        0xc _build/nrf52840_xxaa/nrf_pwr_mgmt.c.o
 .rodata.str1.4
                0x00030600        0x9 _build/nrf52840_xxaa/nrf_sortlist.c.o
 *fill*         0x00030609        0x3 
 .rodata.str1.4
                0x0003060c      0x3e9 _build/nrf52840_xxaa/nrf_strerror.c.o
 *fill*         0x000309f5        0x3 
 .rodata.m_unknown_str
                0x000309f8       0x13 _build/nrf52840_xxaa/nrf_strerror.c.o
 *fill*         0x00030a0b        0x1 
 .rodata.nrf_strerror_array
                0x00030a0c      0x128 _build/nrf52840_xxaa/nrf_strerror.c.o
 .rodata.CSWTCH.15
                0x00030b34        0x6 _build/nrf52840_xxaa/system_nrf52840.c.o
 *fill*         0x00030b3a        0x2 
 .rodata.CSWTCH.6
                0x00030b3c        0x6 _build/nrf52840_xxaa/system_nrf52840.c.o
 *fill*         0x00030b42        0x2 
 .rodata.m_board_btn_list
                0x00030b44        0x4 _build/nrf52840_xxaa/boards.c.o
 .rodata.m_board_led_list
                0x00030b48        0x4 _build/nrf52840_xxaa/boards.c.o
 .rodata.str1.4
                0x00030b4c        0x6 _build/nrf52840_xxaa/nrf_drv_clock.c.o
 *fill*         0x00030b52        0x2 
 .rodata.str1.4
                0x00030b54        0x6 _build/nrf52840_xxaa/nrfx_clock.c.o
 *fill*         0x00030b5a        0x2 
 .rodata.str1.4
                0x00030b5c        0x7 _build/nrf52840_xxaa/nrfx_gpiote.c.o
 *fill*         0x00030b63        0x1 
 .rodata.str1.4
                0x00030b64        0x4 _build/nrf52840_xxaa/nrfx_prs.c.o
 .rodata.str1.4
                0x00030b68        0x5 _build/nrf52840_xxaa/nrfx_uart.c.o
 *fill*         0x00030b6d        0x3 
 .rodata.str1.4
                0x00030b70        0x6 _build/nrf52840_xxaa/nrfx_uarte.c.o
 *fill*         0x00030b76        0x2 
 .rodata.app_buttons
                0x00030b78       0x20 _build/nrf52840_xxaa/bsp.c.o
 .rodata.m_bsp_alert_tmr
                0x00030b98        0x4 _build/nrf52840_xxaa/bsp.c.o
 .rodata.m_bsp_button_tmr
                0x00030b9c        0x4 _build/nrf52840_xxaa/bsp.c.o
 .rodata.m_bsp_leds_tmr
                0x00030ba0        0x4 _build/nrf52840_xxaa/bsp.c.o
 .rodata.ble_evt_handler.str1.4
                0x00030ba4       0x4e _build/nrf52840_xxaa/main.c.o
 *fill*         0x00030bf2        0x2 
 .rodata.uart_event_handle.str1.4
                0x00030bf4       0x60 _build/nrf52840_xxaa/main.c.o
 .rodata.gatt_evt_handler.str1.4
                0x00030c54       0x44 _build/nrf52840_xxaa/main.c.o
 .rodata.scan_evt_handler.str1.4
                0x00030c98       0x40 _build/nrf52840_xxaa/main.c.o
 .rodata.ble_nus_c_evt_handler.str1.4
                0x00030cd8       0xa6 _build/nrf52840_xxaa/main.c.o
 *fill*         0x00030d7e        0x2 
 .rodata.main.str1.4
                0x00030d80       0x4e _build/nrf52840_xxaa/main.c.o
 *fill*         0x00030dce        0x2 
 .rodata        0x00030dd0       0x18 _build/nrf52840_xxaa/main.c.o
 .rodata.m_ble_gatt_queuereq_queue
                0x00030de8       0x14 _build/nrf52840_xxaa/main.c.o
 .rodata.m_nus_uuid
                0x00030dfc        0x4 _build/nrf52840_xxaa/main.c.o
 .rodata.SEGGER_RTT_ReadNoLock.str1.4
                0x00030e00       0x17 _build/nrf52840_xxaa/SEGGER_RTT.c.o
 *fill*         0x00030e17        0x1 
 .rodata.ble_db_discovery_on_ble_evt.str1.4
                0x00030e18      0x10a _build/nrf52840_xxaa/ble_db_discovery.c.o
 *fill*         0x00030f22        0x2 
 .rodata.str1.4
                0x00030f24        0xc _build/nrf52840_xxaa/ble_db_discovery.c.o
 .rodata.data_length_update.constprop.0.str1.4
                0x00030f30       0xe2 _build/nrf52840_xxaa/nrf_ble_gatt.c.o
 *fill*         0x00031012        0x2 
 .rodata.nrf_ble_gatt_on_ble_evt.str1.4
                0x00031014       0x63 _build/nrf52840_xxaa/nrf_ble_gatt.c.o
 *fill*         0x00031077        0x1 
 .rodata.str1.4
                0x00031078        0xd _build/nrf52840_xxaa/nrf_ble_gatt.c.o
 *fill*         0x00031085        0x3 
 .rodata.queue_process.str1.4
                0x00031088       0x66 _build/nrf52840_xxaa/nrf_ble_gq.c.o
 *fill*         0x000310ee        0x2 
 .rodata.str1.4
                0x000310f0        0xb _build/nrf52840_xxaa/nrf_ble_gq.c.o
 *fill*         0x000310fb        0x1 
 .rodata.m_req_data_alloc
                0x000310fc       0x18 _build/nrf52840_xxaa/nrf_ble_gq.c.o
 .rodata.nrf_ble_scan_start.str1.4
                0x00031114       0x24 _build/nrf52840_xxaa/nrf_ble_scan.c.o
 .rodata.str1.4
                0x00031138        0x9 _build/nrf52840_xxaa/nrf_ble_scan.c.o
 *fill*         0x00031141        0x3 
 .rodata.ble_nus_c_string_send.str1.4
                0x00031144       0x2f _build/nrf52840_xxaa/ble_nus_c.c.o
 *fill*         0x00031173        0x1 
 .rodata.str1.4
                0x00031174        0xa _build/nrf52840_xxaa/ble_nus_c.c.o
 *fill*         0x0003117e        0x2 
 .rodata        0x00031180       0x10 _build/nrf52840_xxaa/ble_nus_c.c.o
 .rodata.str1.4
                0x00031190        0x8 _build/nrf52840_xxaa/nrf_sdh.c.o
 .rodata        0x00031198        0x4 _build/nrf52840_xxaa/nrf_sdh.c.o
 .rodata.sdh_req_observers
                0x0003119c        0xc _build/nrf52840_xxaa/nrf_sdh.c.o
 .rodata.sdh_stack_observers
                0x000311a8        0xc _build/nrf52840_xxaa/nrf_sdh.c.o
 .rodata.sdh_state_observers
                0x000311b4        0xc _build/nrf52840_xxaa/nrf_sdh.c.o
 .rodata.nrf_sdh_ble_default_cfg_set.str1.4
                0x000311c0      0x1cf _build/nrf52840_xxaa/nrf_sdh_ble.c.o
 *fill*         0x0003138f        0x1 
 .rodata.nrf_sdh_ble_enable.str1.4
                0x00031390       0xad _build/nrf52840_xxaa/nrf_sdh_ble.c.o
 *fill*         0x0003143d        0x3 
 .rodata.str1.4
                0x00031440        0xc _build/nrf52840_xxaa/nrf_sdh_ble.c.o
 .rodata.sdh_ble_observers
                0x0003144c        0xc _build/nrf52840_xxaa/nrf_sdh_ble.c.o
 .rodata.str1.4
                0x00031458        0xc _build/nrf52840_xxaa/nrf_sdh_soc.c.o
 .rodata.sdh_soc_observers
                0x00031464        0xc _build/nrf52840_xxaa/nrf_sdh_soc.c.o
 .rodata._ctype_
                0x00031470      0x101 c:/program files (x86)/gnu arm embedded toolchain/9 2020-q2-update/bin/../lib/gcc/arm-none-eabi/9.3.1/../../../../arm-none-eabi/lib/thumb/v7e-m+fp/hard\libc_nano.a(lib_a-ctype_.o)
                0x00031470                _ctype_
 *fill*         0x00031571        0x3 
 .rodata._global_impure_ptr
                0x00031574        0x4 c:/program files (x86)/gnu arm embedded toolchain/9 2020-q2-update/bin/../lib/gcc/arm-none-eabi/9.3.1/../../../../arm-none-eabi/lib/thumb/v7e-m+fp/hard\libc_nano.a(lib_a-impure.o)
                0x00031574                _global_impure_ptr
 .rodata.__sf_fake_stderr
                0x00031578       0x20 c:/program files (x86)/gnu arm embedded toolchain/9 2020-q2-update/bin/../lib/gcc/arm-none-eabi/9.3.1/../../../../arm-none-eabi/lib/thumb/v7e-m+fp/hard\libc_nano.a(lib_a-findfp.o)
                0x00031578                __sf_fake_stderr
 .rodata.__sf_fake_stdin
                0x00031598       0x20 c:/program files (x86)/gnu arm embedded toolchain/9 2020-q2-update/bin/../lib/gcc/arm-none-eabi/9.3.1/../../../../arm-none-eabi/lib/thumb/v7e-m+fp/hard\libc_nano.a(lib_a-findfp.o)
                0x00031598                __sf_fake_stdin
 .rodata.__sf_fake_stdout
                0x000315b8       0x20 c:/program files (x86)/gnu arm embedded toolchain/9 2020-q2-update/bin/../lib/gcc/arm-none-eabi/9.3.1/../../../../arm-none-eabi/lib/thumb/v7e-m+fp/hard\libc_nano.a(lib_a-findfp.o)
                0x000315b8                __sf_fake_stdout
 .rodata._vfprintf_r.str1.1
                0x000315d8       0x11 c:/program files (x86)/gnu arm embedded toolchain/9 2020-q2-update/bin/../lib/gcc/arm-none-eabi/9.3.1/../../../../arm-none-eabi/lib/thumb/v7e-m+fp/hard\libc_nano.a(lib_a-nano-vfprintf.o)
 .rodata._printf_i.str1.1
                0x000315e9       0x22 c:/program files (x86)/gnu arm embedded toolchain/9 2020-q2-update/bin/../lib/gcc/arm-none-eabi/9.3.1/../../../../arm-none-eabi/lib/thumb/v7e-m+fp/hard\libc_nano.a(lib_a-nano-vfprintf_i.o)
 *(.eh_frame*)
 *fill*         0x0003160b        0x1 
 .eh_frame      0x0003160c        0x0 c:/program files (x86)/gnu arm embedded toolchain/9 2020-q2-update/bin/../lib/gcc/arm-none-eabi/9.3.1/thumb/v7e-m+fp/hard/crtbegin.o
 .eh_frame      0x0003160c        0x4 c:/program files (x86)/gnu arm embedded toolchain/9 2020-q2-update/bin/../lib/gcc/arm-none-eabi/9.3.1/thumb/v7e-m+fp/hard/crtend.o

.glue_7         0x00031610        0x0
 .glue_7        0x00031610        0x0 linker stubs

.glue_7t        0x00031610        0x0
 .glue_7t       0x00031610        0x0 linker stubs

.vfp11_veneer   0x00031610        0x0
 .vfp11_veneer  0x00031610        0x0 linker stubs

.v4_bx          0x00031610        0x0
 .v4_bx         0x00031610        0x0 linker stubs

.iplt           0x00031610        0x0
 .iplt          0x00031610        0x0 c:/program files (x86)/gnu arm embedded toolchain/9 2020-q2-update/bin/../lib/gcc/arm-none-eabi/9.3.1/thumb/v7e-m+fp/hard/crtbegin.o

.mem_section_dummy_rom

.sdh_soc_observers
                0x00031610        0x8
                0x00031610                PROVIDE (__start_sdh_soc_observers = .)
 *(SORT_BY_NAME(.sdh_soc_observers*))
 .sdh_soc_observers0
                0x00031610        0x8 _build/nrf52840_xxaa/nrf_drv_clock.c.o
                0x00031618                PROVIDE (__stop_sdh_soc_observers = .)

.pwr_mgmt_data  0x00031618        0x4
                0x00031618                PROVIDE (__start_pwr_mgmt_data = .)
 *(SORT_BY_NAME(.pwr_mgmt_data*))
 .pwr_mgmt_data1
                0x00031618        0x4 _build/nrf52840_xxaa/main.c.o
                0x0003161c                PROVIDE (__stop_pwr_mgmt_data = .)

.log_const_data
                0x0003161c       0x98
                0x0003161c                PROVIDE (__start_log_const_data = .)
 *(SORT_BY_NAME(.log_const_data*))
 .log_const_data_CLOCK
                0x0003161c        0x8 _build/nrf52840_xxaa/nrfx_clock.c.o
                0x0003161c                m_nrf_log_CLOCK_logs_data_const
 .log_const_data_GPIOTE
                0x00031624        0x8 _build/nrf52840_xxaa/nrfx_gpiote.c.o
                0x00031624                m_nrf_log_GPIOTE_logs_data_const
 .log_const_data_PRS
                0x0003162c        0x8 _build/nrf52840_xxaa/nrfx_prs.c.o
                0x0003162c                m_nrf_log_PRS_logs_data_const
 .log_const_data_UART
                0x00031634        0x8 _build/nrf52840_xxaa/nrfx_uart.c.o
                0x00031634                m_nrf_log_UART_logs_data_const
 .log_const_data_UARTE
                0x0003163c        0x8 _build/nrf52840_xxaa/nrfx_uarte.c.o
                0x0003163c                m_nrf_log_UARTE_logs_data_const
 .log_const_data_app
                0x00031644        0x8 _build/nrf52840_xxaa/nrf_log_frontend.c.o
                0x00031644                m_nrf_log_app_logs_data_const
 .log_const_data_app_button
                0x0003164c        0x8 _build/nrf52840_xxaa/app_button.c.o
                0x0003164c                m_nrf_log_app_button_logs_data_const
 .log_const_data_app_timer
                0x00031654        0x8 _build/nrf52840_xxaa/app_timer2.c.o
                0x00031654                m_nrf_log_app_timer_logs_data_const
 .log_const_data_ble_db_disc
                0x0003165c        0x8 _build/nrf52840_xxaa/ble_db_discovery.c.o
                0x0003165c                m_nrf_log_ble_db_disc_logs_data_const
 .log_const_data_ble_nus_c
                0x00031664        0x8 _build/nrf52840_xxaa/ble_nus_c.c.o
                0x00031664                m_nrf_log_ble_nus_c_logs_data_const
 .log_const_data_ble_scan
                0x0003166c        0x8 _build/nrf52840_xxaa/nrf_ble_scan.c.o
                0x0003166c                m_nrf_log_ble_scan_logs_data_const
 .log_const_data_clock
                0x00031674        0x8 _build/nrf52840_xxaa/nrf_drv_clock.c.o
                0x00031674                m_nrf_log_clock_logs_data_const
 .log_const_data_nrf_ble_gatt
                0x0003167c        0x8 _build/nrf52840_xxaa/nrf_ble_gatt.c.o
                0x0003167c                m_nrf_log_nrf_ble_gatt_logs_data_const
 .log_const_data_nrf_ble_gq
                0x00031684        0x8 _build/nrf52840_xxaa/nrf_ble_gq.c.o
                0x00031684                m_nrf_log_nrf_ble_gq_logs_data_const
 .log_const_data_nrf_sdh
                0x0003168c        0x8 _build/nrf52840_xxaa/nrf_sdh.c.o
                0x0003168c                m_nrf_log_nrf_sdh_logs_data_const
 .log_const_data_nrf_sdh_ble
                0x00031694        0x8 _build/nrf52840_xxaa/nrf_sdh_ble.c.o
                0x00031694                m_nrf_log_nrf_sdh_ble_logs_data_const
 .log_const_data_nrf_sdh_soc
                0x0003169c        0x8 _build/nrf52840_xxaa/nrf_sdh_soc.c.o
                0x0003169c                m_nrf_log_nrf_sdh_soc_logs_data_const
 .log_const_data_pwr_mgmt
                0x000316a4        0x8 _build/nrf52840_xxaa/nrf_pwr_mgmt.c.o
                0x000316a4                m_nrf_log_pwr_mgmt_logs_data_const
 .log_const_data_sortlist
                0x000316ac        0x8 _build/nrf52840_xxaa/nrf_sortlist.c.o
                0x000316ac                m_nrf_log_sortlist_logs_data_const
                0x000316b4                PROVIDE (__stop_log_const_data = .)

.nrf_balloc     0x000316b4       0x28
                [!provide]                PROVIDE (__start_nrf_balloc = .)
 *(.nrf_balloc)
 .nrf_balloc    0x000316b4       0x14 _build/nrf52840_xxaa/nrf_log_frontend.c.o
                0x000316b4                log_mempool
 .nrf_balloc    0x000316c8       0x14 _build/nrf52840_xxaa/main.c.o
                0x000316c8                m_ble_gatt_queuepool
                [!provide]                PROVIDE (__stop_nrf_balloc = .)

.nrf_queue      0x000316dc       0x14
                [!provide]                PROVIDE (__start_nrf_queue = .)
 *(.nrf_queue)
 .nrf_queue     0x000316dc       0x14 _build/nrf52840_xxaa/main.c.o
                0x000316dc                m_ble_gatt_queuepurge_queue
                [!provide]                PROVIDE (__stop_nrf_queue = .)

.sdh_req_observers
                0x000316f0        0x0
                0x000316f0                PROVIDE (__start_sdh_req_observers = .)
 *(SORT_BY_NAME(.sdh_req_observers*))
                0x000316f0                PROVIDE (__stop_sdh_req_observers = .)

.sdh_state_observers
                0x000316f0        0x8
                0x000316f0                PROVIDE (__start_sdh_state_observers = .)
 *(SORT_BY_NAME(.sdh_state_observers*))
 .sdh_state_observers0
                0x000316f0        0x8 _build/nrf52840_xxaa/nrf_drv_clock.c.o
                0x000316f8                PROVIDE (__stop_sdh_state_observers = .)

.sdh_stack_observers
                0x000316f8       0x10
                0x000316f8                PROVIDE (__start_sdh_stack_observers = .)
 *(SORT_BY_NAME(.sdh_stack_observers*))
 .sdh_stack_observers0
                0x000316f8        0x8 _build/nrf52840_xxaa/nrf_sdh_ble.c.o
 .sdh_stack_observers0
                0x00031700        0x8 _build/nrf52840_xxaa/nrf_sdh_soc.c.o
                0x00031708                PROVIDE (__stop_sdh_stack_observers = .)

.cli_command    0x00031708        0x0
                [!provide]                PROVIDE (__start_cli_command = .)
 *(.cli_command)
                [!provide]                PROVIDE (__stop_cli_command = .)

.crypto_data    0x00031708        0x0
                [!provide]                PROVIDE (__start_crypto_data = .)
 *(SORT_BY_NAME(.crypto_data*))
                [!provide]                PROVIDE (__stop_crypto_data = .)

.sdh_ble_observers
                0x00031708       0x38
                0x00031708                PROVIDE (__start_sdh_ble_observers = .)
 *(SORT_BY_NAME(.sdh_ble_observers*))
 .sdh_ble_observers1
                0x00031708        0x8 _build/nrf52840_xxaa/bsp_btn_ble.c.o
 .sdh_ble_observers1
                0x00031710       0x20 _build/nrf52840_xxaa/main.c.o
 .sdh_ble_observers2
                0x00031730        0x8 _build/nrf52840_xxaa/main.c.o
 .sdh_ble_observers3
                0x00031738        0x8 _build/nrf52840_xxaa/main.c.o
                0x00031740                PROVIDE (__stop_sdh_ble_observers = .)

.log_backends   0x00031740       0x10
                [!provide]                PROVIDE (__start_log_backends = .)
 *(SORT_BY_NAME(.log_backends*))
 .log_backends  0x00031740       0x10 _build/nrf52840_xxaa/nrf_log_default_backends.c.o
                [!provide]                PROVIDE (__stop_log_backends = .)

.ARM.extab
 *(.ARM.extab* .gnu.linkonce.armextab.*)
                0x00031750                __exidx_start = .

.ARM.exidx      0x00031750        0x8
 *(.ARM.exidx* .gnu.linkonce.armexidx.*)
 .ARM.exidx     0x00031750        0x8 c:/program files (x86)/gnu arm embedded toolchain/9 2020-q2-update/bin/../lib/gcc/arm-none-eabi/9.3.1/../../../../arm-none-eabi/lib/thumb/v7e-m+fp/hard/crt0.o
                                 0x10 (size before relaxing)
 .ARM.exidx     0x00031758        0x0 c:/program files (x86)/gnu arm embedded toolchain/9 2020-q2-update/bin/../lib/gcc/arm-none-eabi/9.3.1/thumb/v7e-m+fp/hard\libgcc.a(_udivmoddi4.o)
                                  0x8 (size before relaxing)
                0x00031758                __exidx_end = .

.rel.dyn        0x00031758        0x0
 .rel.iplt      0x00031758        0x0 c:/program files (x86)/gnu arm embedded toolchain/9 2020-q2-update/bin/../lib/gcc/arm-none-eabi/9.3.1/thumb/v7e-m+fp/hard/crtbegin.o
                0x00031758                . = ALIGN (0x4)
                0x00031758                __etext = .

.data           0x20002a38      0x6fc load address 0x00031758
                0x20002a38                __data_start__ = .
 *(vtable)
 *(.data*)
 .data.log_backend_cb_rtt_log_backend
                0x20002a38        0x8 _build/nrf52840_xxaa/nrf_log_default_backends.c.o
 .data.m_detection_delay_timer_id_data
                0x20002a40       0x20 _build/nrf52840_xxaa/app_button.c.o
 .data.m_rtc_inst
                0x20002a60        0x8 _build/nrf52840_xxaa/app_timer2.c.o
 .data.app_uart_inst
                0x20002a68       0x14 _build/nrf52840_xxaa/app_uart_fifo.c.o
 .data.SystemCoreClock
                0x20002a7c        0x4 _build/nrf52840_xxaa/system_nrf52840.c.o
                0x20002a7c                SystemCoreClock
 .data.m_bsp_alert_tmr_data
                0x20002a80       0x20 _build/nrf52840_xxaa/bsp.c.o
 .data.m_bsp_button_tmr_data
                0x20002aa0       0x20 _build/nrf52840_xxaa/bsp.c.o
 .data.m_bsp_leds_tmr_data
                0x20002ac0       0x20 _build/nrf52840_xxaa/bsp.c.o
 .data.m_ble_gatt_queue
                0x20002ae0       0x14 _build/nrf52840_xxaa/main.c.o
 .data.m_ble_gatt_queueconn_handles_arr
                0x20002af4        0x2 _build/nrf52840_xxaa/main.c.o
 .data.m_ble_nus_max_data_len
                0x20002af6        0x2 _build/nrf52840_xxaa/main.c.o
 .data.m_db_disc
                0x20002af8      0x5d0 _build/nrf52840_xxaa/main.c.o
 .data._impure_ptr
                0x200030c8        0x4 c:/program files (x86)/gnu arm embedded toolchain/9 2020-q2-update/bin/../lib/gcc/arm-none-eabi/9.3.1/../../../../arm-none-eabi/lib/thumb/v7e-m+fp/hard\libc_nano.a(lib_a-impure.o)
                0x200030c8                _impure_ptr
 .data.impure_data
                0x200030cc       0x60 c:/program files (x86)/gnu arm embedded toolchain/9 2020-q2-update/bin/../lib/gcc/arm-none-eabi/9.3.1/../../../../arm-none-eabi/lib/thumb/v7e-m+fp/hard\libc_nano.a(lib_a-impure.o)
                0x2000312c                . = ALIGN (0x4)
                0x2000312c                PROVIDE (__preinit_array_start = .)
 *(.preinit_array)
                0x2000312c                PROVIDE (__preinit_array_end = .)
                0x2000312c                . = ALIGN (0x4)
                0x2000312c                PROVIDE (__init_array_start = .)
 *(SORT_BY_NAME(.init_array.*))
 *(.init_array)
 .init_array    0x2000312c        0x4 c:/program files (x86)/gnu arm embedded toolchain/9 2020-q2-update/bin/../lib/gcc/arm-none-eabi/9.3.1/thumb/v7e-m+fp/hard/crtbegin.o
                0x20003130                PROVIDE (__init_array_end = .)
                0x20003130                . = ALIGN (0x4)
                [!provide]                PROVIDE (__fini_array_start = .)
 *(SORT_BY_NAME(.fini_array.*))
 *(.fini_array)
 .fini_array    0x20003130        0x4 c:/program files (x86)/gnu arm embedded toolchain/9 2020-q2-update/bin/../lib/gcc/arm-none-eabi/9.3.1/thumb/v7e-m+fp/hard/crtbegin.o
                [!provide]                PROVIDE (__fini_array_end = .)
 *(.jcr*)
                0x20003134                . = ALIGN (0x4)
                0x20003134                __data_end__ = .
LOAD c:/program files (x86)/gnu arm embedded toolchain/9 2020-q2-update/bin/../lib/gcc/arm-none-eabi/9.3.1/thumb/v7e-m+fp/hard/crti.o
LOAD c:/program files (x86)/gnu arm embedded toolchain/9 2020-q2-update/bin/../lib/gcc/arm-none-eabi/9.3.1/thumb/v7e-m+fp/hard/crtbegin.o
LOAD c:/program files (x86)/gnu arm embedded toolchain/9 2020-q2-update/bin/../lib/gcc/arm-none-eabi/9.3.1/../../../../arm-none-eabi/lib/thumb/v7e-m+fp/hard/crt0.o
LOAD _build/nrf52840_xxaa/gcc_startup_nrf52840.S.o
LOAD _build/nrf52840_xxaa/nrf_log_backend_rtt.c.o
LOAD _build/nrf52840_xxaa/nrf_log_backend_serial.c.o
LOAD _build/nrf52840_xxaa/nrf_log_default_backends.c.o
LOAD _build/nrf52840_xxaa/nrf_log_frontend.c.o
LOAD _build/nrf52840_xxaa/nrf_log_str_formatter.c.o
LOAD _build/nrf52840_xxaa/app_button.c.o
LOAD _build/nrf52840_xxaa/app_error.c.o
LOAD _build/nrf52840_xxaa/app_error_handler_gcc.c.o
LOAD _build/nrf52840_xxaa/app_error_weak.c.o
LOAD _build/nrf52840_xxaa/app_fifo.c.o
LOAD _build/nrf52840_xxaa/app_scheduler.c.o
LOAD _build/nrf52840_xxaa/app_timer2.c.o
LOAD _build/nrf52840_xxaa/app_uart_fifo.c.o
LOAD _build/nrf52840_xxaa/app_util_platform.c.o
LOAD _build/nrf52840_xxaa/drv_rtc.c.o
LOAD _build/nrf52840_xxaa/hardfault_implementation.c.o
LOAD _build/nrf52840_xxaa/nrf_assert.c.o
LOAD _build/nrf52840_xxaa/nrf_atfifo.c.o
LOAD _build/nrf52840_xxaa/nrf_atomic.c.o
LOAD _build/nrf52840_xxaa/nrf_balloc.c.o
LOAD _build/nrf52840_xxaa/nrf_fprintf.c.o
LOAD _build/nrf52840_xxaa/nrf_fprintf_format.c.o
LOAD _build/nrf52840_xxaa/nrf_memobj.c.o
LOAD _build/nrf52840_xxaa/nrf_pwr_mgmt.c.o
LOAD _build/nrf52840_xxaa/nrf_queue.c.o
LOAD _build/nrf52840_xxaa/nrf_ringbuf.c.o
LOAD _build/nrf52840_xxaa/nrf_section_iter.c.o
LOAD _build/nrf52840_xxaa/nrf_sortlist.c.o
LOAD _build/nrf52840_xxaa/nrf_strerror.c.o
LOAD _build/nrf52840_xxaa/retarget.c.o
LOAD _build/nrf52840_xxaa/system_nrf52840.c.o
LOAD _build/nrf52840_xxaa/boards.c.o
LOAD _build/nrf52840_xxaa/nrf_drv_clock.c.o
LOAD _build/nrf52840_xxaa/nrf_drv_uart.c.o
LOAD _build/nrf52840_xxaa/nrfx_atomic.c.o
LOAD _build/nrf52840_xxaa/nrfx_clock.c.o
LOAD _build/nrf52840_xxaa/nrfx_gpiote.c.o
LOAD _build/nrf52840_xxaa/nrfx_prs.c.o
LOAD _build/nrf52840_xxaa/nrfx_uart.c.o
LOAD _build/nrf52840_xxaa/nrfx_uarte.c.o
LOAD _build/nrf52840_xxaa/bsp.c.o
LOAD _build/nrf52840_xxaa/bsp_btn_ble.c.o
LOAD _build/nrf52840_xxaa/main.c.o
LOAD _build/nrf52840_xxaa/SEGGER_RTT.c.o
LOAD _build/nrf52840_xxaa/SEGGER_RTT_Syscalls_GCC.c.o
LOAD _build/nrf52840_xxaa/SEGGER_RTT_printf.c.o
LOAD _build/nrf52840_xxaa/ble_advdata.c.o
LOAD _build/nrf52840_xxaa/ble_db_discovery.c.o
LOAD _build/nrf52840_xxaa/ble_srv_common.c.o
LOAD _build/nrf52840_xxaa/nrf_ble_gatt.c.o
LOAD _build/nrf52840_xxaa/nrf_ble_gq.c.o
LOAD _build/nrf52840_xxaa/nrf_ble_scan.c.o
LOAD _build/nrf52840_xxaa/utf.c.o
LOAD _build/nrf52840_xxaa/ble_nus_c.c.o
LOAD _build/nrf52840_xxaa/nrf_sdh.c.o
LOAD _build/nrf52840_xxaa/nrf_sdh_ble.c.o
LOAD _build/nrf52840_xxaa/nrf_sdh_soc.c.o
LOAD c:/program files (x86)/gnu arm embedded toolchain/9 2020-q2-update/bin/../lib/gcc/arm-none-eabi/9.3.1/../../../../arm-none-eabi/lib/thumb/v7e-m+fp/hard\libc_nano.a
LOAD c:/program files (x86)/gnu arm embedded toolchain/9 2020-q2-update/bin/../lib/gcc/arm-none-eabi/9.3.1/../../../../arm-none-eabi/lib/thumb/v7e-m+fp/hard\libnosys.a
LOAD c:/program files (x86)/gnu arm embedded toolchain/9 2020-q2-update/bin/../lib/gcc/arm-none-eabi/9.3.1/../../../../arm-none-eabi/lib/thumb/v7e-m+fp/hard\libm.a
START GROUP
LOAD c:/program files (x86)/gnu arm embedded toolchain/9 2020-q2-update/bin/../lib/gcc/arm-none-eabi/9.3.1/thumb/v7e-m+fp/hard\libgcc.a
LOAD c:/program files (x86)/gnu arm embedded toolchain/9 2020-q2-update/bin/../lib/gcc/arm-none-eabi/9.3.1/../../../../arm-none-eabi/lib/thumb/v7e-m+fp/hard\libg_nano.a
LOAD c:/program files (x86)/gnu arm embedded toolchain/9 2020-q2-update/bin/../lib/gcc/arm-none-eabi/9.3.1/../../../../arm-none-eabi/lib/thumb/v7e-m+fp/hard\libc_nano.a
END GROUP
START GROUP
LOAD c:/program files (x86)/gnu arm embedded toolchain/9 2020-q2-update/bin/../lib/gcc/arm-none-eabi/9.3.1/thumb/v7e-m+fp/hard\libgcc.a
LOAD c:/program files (x86)/gnu arm embedded toolchain/9 2020-q2-update/bin/../lib/gcc/arm-none-eabi/9.3.1/../../../../arm-none-eabi/lib/thumb/v7e-m+fp/hard\libc_nano.a
END GROUP
LOAD c:/program files (x86)/gnu arm embedded toolchain/9 2020-q2-update/bin/../lib/gcc/arm-none-eabi/9.3.1/thumb/v7e-m+fp/hard/crtend.o
LOAD c:/program files (x86)/gnu arm embedded toolchain/9 2020-q2-update/bin/../lib/gcc/arm-none-eabi/9.3.1/thumb/v7e-m+fp/hard/crtn.o
START GROUP
LOAD c:/program files (x86)/gnu arm embedded toolchain/9 2020-q2-update/bin/../lib/gcc/arm-none-eabi/9.3.1/thumb/v7e-m+fp/hard\libgcc.a
LOAD c:/program files (x86)/gnu arm embedded toolchain/9 2020-q2-update/bin/../lib/gcc/arm-none-eabi/9.3.1/../../../../arm-none-eabi/lib/thumb/v7e-m+fp/hard\libc.a
LOAD c:/program files (x86)/gnu arm embedded toolchain/9 2020-q2-update/bin/../lib/gcc/arm-none-eabi/9.3.1/../../../../arm-none-eabi/lib/thumb/v7e-m+fp/hard\libnosys.a
END GROUP

.igot.plt       0x20003134        0x0 load address 0x00031e54
 .igot.plt      0x20003134        0x0 c:/program files (x86)/gnu arm embedded toolchain/9 2020-q2-update/bin/../lib/gcc/arm-none-eabi/9.3.1/thumb/v7e-m+fp/hard/crtbegin.o
                0x20003134                . = ALIGN (0x4)

.mem_section_dummy_ram

.log_dynamic_data
                0x20003134        0x0
                0x20003134                PROVIDE (__start_log_dynamic_data = .)
 *(SORT_BY_NAME(.log_dynamic_data*))
                [!provide]                PROVIDE (__stop_log_dynamic_data = .)

.log_filter_data
                0x20003134        0x0
                [!provide]                PROVIDE (__start_log_filter_data = .)
 *(SORT_BY_NAME(.log_filter_data*))
                [!provide]                PROVIDE (__stop_log_filter_data = .)

.cli_sorted_cmd_ptrs
                0x20003134        0x0
                [!provide]                PROVIDE (__start_cli_sorted_cmd_ptrs = .)
 *(.cli_sorted_cmd_ptrs)
                [!provide]                PROVIDE (__stop_cli_sorted_cmd_ptrs = .)

.fs_data        0x20003134        0x0
                [!provide]                PROVIDE (__start_fs_data = .)
 *(.fs_data)
                [!provide]                PROVIDE (__stop_fs_data = .)

.bss            0x20003138      0xff8 load address 0x00031e58
                0x20003138                . = ALIGN (0x4)
                0x20003138                __bss_start__ = .
 *(.bss*)
 .bss           0x20003138       0x1c c:/program files (x86)/gnu arm embedded toolchain/9 2020-q2-update/bin/../lib/gcc/arm-none-eabi/9.3.1/thumb/v7e-m+fp/hard/crtbegin.o
 .bss.m_host_present
                0x20003154        0x1 _build/nrf52840_xxaa/nrf_log_backend_rtt.c.o
 *fill*         0x20003155        0x3 
 .bss.m_string_buff
                0x20003158       0x40 _build/nrf52840_xxaa/nrf_log_backend_rtt.c.o
 .bss.log_mempool_nrf_balloc_cb
                0x20003198        0x8 _build/nrf52840_xxaa/nrf_log_frontend.c.o
 .bss.log_mempool_nrf_balloc_pool_mem
                0x200031a0       0xc0 _build/nrf52840_xxaa/nrf_log_frontend.c.o
 .bss.log_mempool_nrf_balloc_pool_stack
                0x20003260        0x8 _build/nrf52840_xxaa/nrf_log_frontend.c.o
 .bss.m_log_data
                0x20003268      0x420 _build/nrf52840_xxaa/nrf_log_frontend.c.o
 .bss.m_log_push_ringbuf_buf
                0x20003688       0x80 _build/nrf52840_xxaa/nrf_log_frontend.c.o
 .bss.m_log_push_ringbuf_cb
                0x20003708       0x18 _build/nrf52840_xxaa/nrf_log_frontend.c.o
 .bss.m_button_count
                0x20003720        0x1 _build/nrf52840_xxaa/app_button.c.o
 *fill*         0x20003721        0x3 
 .bss.m_detection_delay
                0x20003724        0x4 _build/nrf52840_xxaa/app_button.c.o
 .bss.m_pin_active
                0x20003728        0x8 _build/nrf52840_xxaa/app_button.c.o
 .bss.m_pin_states
                0x20003730       0x20 _build/nrf52840_xxaa/app_button.c.o
 .bss.mp_buttons
                0x20003750        0x4 _build/nrf52840_xxaa/app_button.c.o
 .bss.m_app_timer_sortlist_sortlist_cb
                0x20003754        0x4 _build/nrf52840_xxaa/app_timer2.c.o
 .bss.m_base_counter
                0x20003758        0x8 _build/nrf52840_xxaa/app_timer2.c.o
 .bss.m_global_active
                0x20003760        0x1 _build/nrf52840_xxaa/app_timer2.c.o
 *fill*         0x20003761        0x3 
 .bss.m_req_fifo_data
                0x20003764       0x58 _build/nrf52840_xxaa/app_timer2.c.o
 .bss.m_req_fifo_inst
                0x200037bc       0x10 _build/nrf52840_xxaa/app_timer2.c.o
 *fill*         0x200037cc        0x4 
 .bss.m_stamp64
                0x200037d0        0x8 _build/nrf52840_xxaa/app_timer2.c.o
 .bss.mp_active_timer
                0x200037d8        0x4 _build/nrf52840_xxaa/app_timer2.c.o
 .bss.m_event_handler
                0x200037dc        0x4 _build/nrf52840_xxaa/app_uart_fifo.c.o
 .bss.m_rx_fifo
                0x200037e0       0x10 _build/nrf52840_xxaa/app_uart_fifo.c.o
 .bss.m_rx_ovf  0x200037f0        0x1 _build/nrf52840_xxaa/app_uart_fifo.c.o
 *fill*         0x200037f1        0x3 
 .bss.m_tx_fifo
                0x200037f4       0x10 _build/nrf52840_xxaa/app_uart_fifo.c.o
 .bss.rx_buffer
                0x20003804        0x1 _build/nrf52840_xxaa/app_uart_fifo.c.o
 *fill*         0x20003805        0x3 
 .bss.tx_buffer
                0x20003808        0x1 _build/nrf52840_xxaa/app_uart_fifo.c.o
 *fill*         0x20003809        0x3 
 .bss.m_cb      0x2000380c        0x8 _build/nrf52840_xxaa/drv_rtc.c.o
 .bss.m_handlers
                0x20003814        0x4 _build/nrf52840_xxaa/drv_rtc.c.o
 .bss.m_handlers_iter
                0x20003818        0x8 _build/nrf52840_xxaa/nrf_pwr_mgmt.c.o
 .bss.m_pwr_mgmt_evt
                0x20003820        0x1 _build/nrf52840_xxaa/nrf_pwr_mgmt.c.o
 .bss.m_shutdown_started
                0x20003821        0x1 _build/nrf52840_xxaa/nrf_pwr_mgmt.c.o
 *fill*         0x20003822        0x2 
 .bss.m_sysoff_mtx
                0x20003824        0x4 _build/nrf52840_xxaa/nrf_pwr_mgmt.c.o
 .bss.m_clock_cb
                0x20003828       0x14 _build/nrf52840_xxaa/nrf_drv_clock.c.o
 .bss.m_contexts
                0x2000383c        0x8 _build/nrf52840_xxaa/nrf_drv_uart.c.o
 .bss.m_handlers
                0x20003844        0x8 _build/nrf52840_xxaa/nrf_drv_uart.c.o
 .bss.m_clock_cb
                0x2000384c        0x8 _build/nrf52840_xxaa/nrfx_clock.c.o
 *fill*         0x20003854        0x4 
 .bss.m_cb      0x20003858       0x6c _build/nrf52840_xxaa/nrfx_gpiote.c.o
 .bss.m_prs_box_4
                0x200038c4        0x8 _build/nrf52840_xxaa/nrfx_prs.c.o
 *fill*         0x200038cc        0x4 
 .bss.m_cb      0x200038d0       0x2c _build/nrf52840_xxaa/nrfx_uart.c.o
 *fill*         0x200038fc        0x4 
 .bss.m_cb      0x20003900       0x24 _build/nrf52840_xxaa/nrfx_uarte.c.o
 .bss.current_long_push_pin_no.9463
                0x20003924        0x1 _build/nrf52840_xxaa/bsp.c.o
 .bss.m_alert_on
                0x20003925        0x1 _build/nrf52840_xxaa/bsp.c.o
 *fill*         0x20003926        0x2 
 .bss.m_events_list
                0x20003928        0xc _build/nrf52840_xxaa/bsp.c.o
 .bss.m_indication_type
                0x20003934        0x4 _build/nrf52840_xxaa/bsp.c.o
 .bss.m_leds_clear
                0x20003938        0x1 _build/nrf52840_xxaa/bsp.c.o
 *fill*         0x20003939        0x3 
 .bss.m_registered_callback
                0x2000393c        0x4 _build/nrf52840_xxaa/bsp.c.o
 .bss.m_stable_state
                0x20003940        0x1 _build/nrf52840_xxaa/bsp.c.o
 *fill*         0x20003941        0x3 
 .bss.release_event_at_push.9464
                0x20003944        0x4 _build/nrf52840_xxaa/bsp.c.o
 .bss.m_error_handler
                0x20003948        0x4 _build/nrf52840_xxaa/bsp_btn_ble.c.o
 .bss.m_num_connections
                0x2000394c        0x4 _build/nrf52840_xxaa/bsp_btn_ble.c.o
 .bss.data_array.12146
                0x20003950       0xf4 _build/nrf52840_xxaa/main.c.o
 .bss.index.12147
                0x20003a44        0x2 _build/nrf52840_xxaa/main.c.o
 *fill*         0x20003a46        0x2 
 .bss.m_ble_gatt_queuepool_nrf_balloc_cb
                0x20003a48        0x8 _build/nrf52840_xxaa/main.c.o
 .bss.m_ble_gatt_queuepool_nrf_balloc_pool_mem
                0x20003a50       0xc0 _build/nrf52840_xxaa/main.c.o
 .bss.m_ble_gatt_queuepool_nrf_balloc_pool_stack
                0x20003b10        0x8 _build/nrf52840_xxaa/main.c.o
 .bss.m_ble_gatt_queuepurge_queue_nrf_queue_buffer
                0x20003b18        0x4 _build/nrf52840_xxaa/main.c.o
 .bss.m_ble_gatt_queuepurge_queue_nrf_queue_cb
                0x20003b1c        0xc _build/nrf52840_xxaa/main.c.o
 .bss.m_ble_gatt_queuereq_queue0_nrf_queue_buffer
                0x20003b28       0xa0 _build/nrf52840_xxaa/main.c.o
 .bss.m_ble_gatt_queuereq_queue0_nrf_queue_cb
                0x20003bc8        0xc _build/nrf52840_xxaa/main.c.o
 .bss.m_ble_nus_c
                0x20003bd4       0x18 _build/nrf52840_xxaa/main.c.o
 .bss.m_gatt    0x20003bec       0x14 _build/nrf52840_xxaa/main.c.o
 .bss.m_scan    0x20003c00       0x50 _build/nrf52840_xxaa/main.c.o
 .bss.rx_buf.12237
                0x20003c50      0x100 _build/nrf52840_xxaa/main.c.o
 .bss.tx_buf.12238
                0x20003d50      0x100 _build/nrf52840_xxaa/main.c.o
 .bss._acDownBuffer
                0x20003e50       0x10 _build/nrf52840_xxaa/SEGGER_RTT.c.o
 .bss._acUpBuffer
                0x20003e60      0x200 _build/nrf52840_xxaa/SEGGER_RTT.c.o
 .bss.m_evt_handler
                0x20004060        0x4 _build/nrf52840_xxaa/ble_db_discovery.c.o
 .bss.m_initialized
                0x20004064        0x1 _build/nrf52840_xxaa/ble_db_discovery.c.o
 *fill*         0x20004065        0x3 
 .bss.m_num_of_handlers_reg
                0x20004068        0x4 _build/nrf52840_xxaa/ble_db_discovery.c.o
 .bss.m_registered_handlers
                0x2000406c       0x18 _build/nrf52840_xxaa/ble_db_discovery.c.o
 .bss.mp_gatt_queue
                0x20004084        0x4 _build/nrf52840_xxaa/ble_db_discovery.c.o
 .bss.m_nrf_sdh_continue
                0x20004088        0x1 _build/nrf52840_xxaa/nrf_sdh.c.o
 .bss.m_nrf_sdh_enabled
                0x20004089        0x1 _build/nrf52840_xxaa/nrf_sdh.c.o
 .bss.m_nrf_sdh_suspended
                0x2000408a        0x1 _build/nrf52840_xxaa/nrf_sdh.c.o
 .bss.m_stack_is_enabled
                0x2000408b        0x1 _build/nrf52840_xxaa/nrf_sdh_ble.c.o
 .bss.__malloc_free_list
                0x2000408c        0x4 c:/program files (x86)/gnu arm embedded toolchain/9 2020-q2-update/bin/../lib/gcc/arm-none-eabi/9.3.1/../../../../arm-none-eabi/lib/thumb/v7e-m+fp/hard\libc_nano.a(lib_a-nano-mallocr.o)
                0x2000408c                __malloc_free_list
 .bss.__malloc_sbrk_start
                0x20004090        0x4 c:/program files (x86)/gnu arm embedded toolchain/9 2020-q2-update/bin/../lib/gcc/arm-none-eabi/9.3.1/../../../../arm-none-eabi/lib/thumb/v7e-m+fp/hard\libc_nano.a(lib_a-nano-mallocr.o)
                0x20004090                __malloc_sbrk_start
 .bss.heap_end.5507
                0x20004094        0x4 c:/program files (x86)/gnu arm embedded toolchain/9 2020-q2-update/bin/../lib/gcc/arm-none-eabi/9.3.1/../../../../arm-none-eabi/lib/thumb/v7e-m+fp/hard\libnosys.a(sbrk.o)
 *(COMMON)
 COMMON         0x20004098        0xc _build/nrf52840_xxaa/app_util_platform.c.o
                0x20004098                nrf_nvic_state
 COMMON         0x200040a4        0x2 _build/nrf52840_xxaa/nrf_drv_uart.c.o
                0x200040a4                nrf_drv_uart_use_easy_dma
 *fill*         0x200040a6        0x2 
 COMMON         0x200040a8       0x78 _build/nrf52840_xxaa/SEGGER_RTT.c.o
                0x200040a8                _SEGGER_RTT
 COMMON         0x20004120        0x9 c:/program files (x86)/gnu arm embedded toolchain/9 2020-q2-update/bin/../lib/gcc/arm-none-eabi/9.3.1/../../../../arm-none-eabi/lib/thumb/v7e-m+fp/hard\libc_nano.a(lib_a-lock.o)
                0x20004120                __lock___atexit_recursive_mutex
                0x20004121                __lock___arc4random_mutex
                0x20004122                __lock___env_recursive_mutex
                0x20004123                __lock___sinit_recursive_mutex
                0x20004124                __lock___malloc_recursive_mutex
                0x20004125                __lock___at_quick_exit_mutex
                0x20004126                __lock___dd_hash_mutex
                0x20004127                __lock___tz_mutex
                0x20004128                __lock___sfp_recursive_mutex
 *fill*         0x20004129        0x3 